******************************************************************************
             TMS320C2000 Linker PC v21.6.0                     
******************************************************************************
>> Linked Tue Sep 27 16:36:09 2022

OUTPUT FILE NAME:   <FSM_GSM.out>
ENTRY POINT SYMBOL: "code_start"  address: 00000000


MEMORY CONFIGURATION

         name            origin    length      used     unused   attr    fill
----------------------  --------  ---------  --------  --------  ----  --------
  BEGIN                 00000000   00000002  00000002  00000000  RWIX
  BOOT_RSVD             00000002   00000126  00000000  00000126  RWIX
  RAMM0                 00000128   000002d8  000000da  000001fe  RWIX
  RAMM1                 00000400   000003f8  00000200  000001f8  RWIX
  RAMLS4567             0000a000   00002000  00000012  00001fee  RWIX
  RAMGS0                0000c000   000007f8  0000053c  000002bc  RWIX
  FLASH_BANK0_SEC0      00080002   00000ffe  00000000  00000ffe  RWIX
  FLASH_BANK0_SEC1      00081000   00001000  00000000  00001000  RWIX
  FLASH_BANK0_SEC2      00082000   00001000  00000000  00001000  RWIX
  FLASH_BANK0_SEC3      00083000   00001000  00000000  00001000  RWIX
  FLASH_BANK0_SEC4      00084000   00001000  00000000  00001000  RWIX
  FLASH_BANK0_SEC5      00085000   00001000  00000000  00001000  RWIX
  FLASH_BANK0_SEC6      00086000   00001000  00000000  00001000  RWIX
  FLASH_BANK0_SEC7      00087000   00001000  00000000  00001000  RWIX
  FLASH_BANK0_SEC8      00088000   00001000  00000000  00001000  RWIX
  FLASH_BANK0_SEC9      00089000   00001000  00000000  00001000  RWIX
  FLASH_BANK0_SEC10     0008a000   00001000  00000000  00001000  RWIX
  FLASH_BANK0_SEC11     0008b000   00001000  00000000  00001000  RWIX
  FLASH_BANK0_SEC12     0008c000   00001000  00000000  00001000  RWIX
  FLASH_BANK0_SEC13     0008d000   00001000  00000000  00001000  RWIX
  FLASH_BANK0_SEC14     0008e000   00001000  00000000  00001000  RWIX
  FLASH_BANK0_SEC15     0008f000   00000ff8  00000000  00000ff8  RWIX
  BOOTROM               003f0000   00008000  00000000  00008000  RWIX
  BOOTROM_EXT           003f8000   00007fc0  00000000  00007fc0  RWIX
  RESET                 003fffc0   00000002  00000000  00000002  RWIX


SECTION ALLOCATION MAP

 output                                  attributes/
section   page    origin      length       input sections
--------  ----  ----------  ----------   ----------------
.text      0    00000000    00002398     FAILED TO ALLOCATE
.switch    0    00000128    000000be     
                  00000128    00000092     main.obj (.switch:RxHandler)
                  000001ba    0000002c     main.obj (.switch:main)

.TI.ramfunc 
*          0    000001e6    00000004     
                  000001e6    00000004     driverlib.lib : sysctl.obj (.TI.ramfunc)

.cinit     0    000001ec    00000018     
                  000001ec    00000006     (.cinit..data.load) [load image, compression = lzss]
                  000001f2    00000006     (__TI_handler_table)
                  000001f8    00000004     (.cinit..bss.load) [load image, compression = zero_init]
                  000001fc    00000008     (__TI_cinit_table)

.reset     0    003fffc0    00000000     DSECT

codestart 
*          0    00000000    00000002     
                  00000000    00000002     f28002x_codestartbranch.obj (codestart)

.stack     0    00000400    00000200     UNINITIALIZED
                  00000400    00000200     --HOLE--

.bss       0    0000a000    00000002     UNINITIALIZED
                  0000a000    00000002     main.obj (.bss)

.init_array 
*          0    00000128    00000000     UNINITIALIZED

.data      0    0000a002    00000010     UNINITIALIZED
                  0000a002    00000006     rts2800_fpu32_eabi.lib : exit.c.obj (.data)
                  0000a008    00000005     main.obj (.data)
                  0000a00d    00000001     rts2800_fpu32_eabi.lib : errno.c.obj (.data)
                  0000a00e    00000002                            : _lock.c.obj (.data:_lock)
                  0000a010    00000002                            : _lock.c.obj (.data:_unlock)

.const     0    0000c000    0000053c     
                  0000c000    0000020b     main.obj (.const:.string)
                  0000c20b    00000101     rts2800_fpu32_eabi.lib : ctype.c.obj (.const:.string:_ctypes_)
                  0000c30c    0000009a     driverlib.lib : sysctl.obj (.const:.string)
                  0000c3a6    00000098                   : gpio.obj (.const:.string)
                  0000c43e    00000097                   : sci.obj (.const:.string)
                  0000c4d5    00000001     --HOLE-- [fill = 0]
                  0000c4d6    00000026     rts2800_fpu32_eabi.lib : _printfi.c.obj (.const:.string)
                  0000c4fc    0000001c                            : _printfi.c.obj (.const)
                  0000c518    0000001c                            : s_scalbn.c.obj (.const)
                  0000c534    00000008                            : s_frexp.c.obj (.const)

MODULE SUMMARY

       Module                        code   ro data   rw data
       ------                        ----   -------   -------
    .\
       main.obj                      0      713       7      
    +--+-----------------------------+------+---------+---------+
       Total:                        0      713       7      
                                                             
    .\device\
       f28002x_codestartbranch.obj   2      0         0      
    +--+-----------------------------+------+---------+---------+
       Total:                        2      0         0      
                                                             
    C:/ti/C2000Ware_4_01_00_00/driverlib/f28002x/driverlib/ccs/Debug/driverlib.lib
       sysctl.obj                    4      154       0      
       gpio.obj                      0      152       0      
       sci.obj                       0      151       0      
    +--+-----------------------------+------+---------+---------+
       Total:                        4      457       0      
                                                             
    C:\ti\ccs1110\ccs\tools\compiler\ti-cgt-c2000_21.6.0.LTS\lib\rts2800_fpu32_eabi.lib
       ctype.c.obj                   0      257       0      
       _printfi.c.obj                0      66        0      
       s_scalbn.c.obj                0      28        0      
       s_frexp.c.obj                 0      8         0      
       exit.c.obj                    0      0         6      
       _lock.c.obj                   0      0         4      
       errno.c.obj                   0      0         1      
    +--+-----------------------------+------+---------+---------+
       Total:                        0      359       11     
                                                             
       Stack:                        0      0         512    
       Linker Generated:             0      24        0      
    +--+-----------------------------+------+---------+---------+
       Grand Total:                  6      1553      530    


LINKER GENERATED COPY TABLES

__TI_cinit_table @ 000001fc records: 2, size/record: 4, table size: 8
	.data: load addr=000001ec, load size=00000006 bytes, run addr=0000a002, run size=00000010 bytes, compression=lzss
	.bss: load addr=000001f8, load size=00000004 bytes, run addr=0000a000, run size=00000002 bytes, compression=zero_init


LINKER GENERATED HANDLER TABLE

__TI_handler_table @ 000001f2 records: 3, size/record: 2, table size: 6
	index: 0, handler: __TI_zero_init
	index: 1, handler: __TI_decompress_lzss
	index: 2, handler: __TI_decompress_none


GLOBAL DATA SYMBOLS: SORTED BY DATA PAGE

address     data page           name
--------    ----------------    ----
00000400      10 (00000400)     __stack

0000a000     280 (0000a000)     out
0000a002     280 (0000a000)     __TI_enable_exit_profile_output
0000a004     280 (0000a000)     __TI_cleanup_ptr
0000a006     280 (0000a000)     __TI_dtors_ptr
0000a008     280 (0000a000)     fsmGsmState
0000a009     280 (0000a000)     flags_rx
0000a00a     280 (0000a000)     mainFsm
0000a00b     280 (0000a000)     contData
0000a00c     280 (0000a000)     dataLenght
0000a00d     280 (0000a000)     errno
0000a00e     280 (0000a000)     _lock
0000a010     280 (0000a000)     _unlock

0000c20b     308 (0000c200)     _ctypes_


GLOBAL SYMBOLS: SORTED ALPHABETICALLY BY Name 

page  address   name                           
----  -------   ----                           
0     00001e21  C$$EXIT                        
0     00001c85  GPIO_setDirectionMode          
0     0000199a  GPIO_setPadConfig              
0     00001be8  GPIO_setPinConfig              
0     00001bb0  GPIO_setQualificationMode      
0     00001c1f  Interrupt_enable               
0     00001b38  Interrupt_initModule           
0     00001f81  Interrupt_initVectorTable      
0     00000cf3  RxHandler                      
0     000019ec  SCI_clearInterruptStatus       
0     00001a32  SCI_enableInterrupt            
0     00001b75  SCI_readCharArray              
0     00001afa  SCI_setConfig                  
0     00001ab9  SCI_writeCharArray             
0     000001e6  SysCtl_delay                   
0     000018e0  SysCtl_getClock                
0     000013f9  SysCtl_isPLLValid              
0     00001a76  SysCtl_selectOscSource         
0     00001d77  SysCtl_selectXTAL              
0     00002067  SysCtl_selectXTALSingleEnded   
0     000011bf  SysCtl_setClock                
0     00001641  UartConfig                     
0     000001fc  __TI_CINIT_Base                
0     00000204  __TI_CINIT_Limit               
0     00000204  __TI_CINIT_Warm                
0     000001f2  __TI_Handler_Table_Base        
0     000001f8  __TI_Handler_Table_Limit       
0     00000600  __TI_STACK_END                 
abs   00000200  __TI_STACK_SIZE                
0     00001da2  __TI_auto_init_nobinit_nopinit 
0     0000a004  __TI_cleanup_ptr               
0     00001cb6  __TI_decompress_lzss           
0     00002352  __TI_decompress_none           
0     0000a006  __TI_dtors_ptr                 
0     0000a002  __TI_enable_exit_profile_output
0     00001d18  __TI_ltoa                      
abs   ffffffff  __TI_pprof_out_hndl            
0     00000b62  __TI_printfi                   
abs   ffffffff  __TI_prof_data_size            
abs   ffffffff  __TI_prof_data_start           
0     000022f9  __TI_zero_init_nomemset        
0     000015a5  __c28xabi_addd                 
0     00002117  __c28xabi_andll                
0     00001dcd  __c28xabi_cmpd                 
0     00001fbd  __c28xabi_cmpll                
0     00001fcf  __c28xabi_cmpull               
0     000016d0  __c28xabi_divd                 
0     0000175b  __c28xabi_divf                 
0     00001df7  __c28xabi_divl                 
0     000012f2  __c28xabi_divll                
0     00001e14  __c28xabi_divul                
0     00001368  __c28xabi_divull               
0     00001f03  __c28xabi_dtoi                 
0     00001f62  __c28xabi_dtol                 
0     00001fdb  __c28xabi_itod                 
0     00002015  __c28xabi_ltod                 
0     00001e06  __c28xabi_modl                 
0     0000132e  __c28xabi_modll                
0     00001e1b  __c28xabi_modul                
0     00001397  __c28xabi_modull               
0     000017e3  __c28xabi_mpyd                 
0     00002349  __c28xabi_negd                 
0     0000211f  __c28xabi_orll                 
0     000022d1  __c28xabi_subd                 
0     00002127  __c28xabi_xorll                
n/a   UNDEFED   __c_args__                     
0     00002378  __error__                      
0     00000400  __stack                        
0     00002312  _args_main                     
0     00002174  _c_int00                       
0     0000c20b  _ctypes_                       
0     0000a00e  _lock                          
0     00002348  _nop                           
0     00002344  _register_lock                 
0     00002340  _register_unlock               
0     00002397  _system_post_cinit             
0     00002395  _system_pre_init               
0     0000a010  _unlock                        
0     00001e21  abort                          
0     00001ce7  atoi                           
0     00000000  code_start                     
0     0000a00b  contData                       
0     00001ebc  copysign                       
0     00001ebc  copysignl                      
0     0000a00c  dataLenght                     
0     0000a00d  errno                          
0     00001e23  exit                           
0     0000a009  flags_rx                       
0     00001940  frexp                          
0     00001940  frexpl                         
0     0000a008  fsmGsmState                    
0     00001d48  gsmSend                        
0     000014f7  ldexp                          
0     000014f7  ldexpl                         
0     00000fb2  main                           
0     0000a00a  mainFsm                        
0     000022a4  memccpy                        
0     00001ff8  memcpy                         
0     0000237f  memset                         
0     0000a000  out                            
0     000014f7  scalbn                         
0     000014f7  scalbnl                        
0     00001c53  sprintf                        
0     0000231e  strchr                         
0     0000238c  strcpy                         
0     00002362  strlen                         
0     00002335  wcslen                         


GLOBAL SYMBOLS: SORTED BY Symbol Address 

page  address   name                           
----  -------   ----                           
0     00000000  code_start                     
0     000001e6  SysCtl_delay                   
0     000001f2  __TI_Handler_Table_Base        
0     000001f8  __TI_Handler_Table_Limit       
0     000001fc  __TI_CINIT_Base                
0     00000204  __TI_CINIT_Limit               
0     00000204  __TI_CINIT_Warm                
0     00000400  __stack                        
0     00000600  __TI_STACK_END                 
0     00000b62  __TI_printfi                   
0     00000cf3  RxHandler                      
0     00000fb2  main                           
0     000011bf  SysCtl_setClock                
0     000012f2  __c28xabi_divll                
0     0000132e  __c28xabi_modll                
0     00001368  __c28xabi_divull               
0     00001397  __c28xabi_modull               
0     000013f9  SysCtl_isPLLValid              
0     000014f7  ldexp                          
0     000014f7  ldexpl                         
0     000014f7  scalbn                         
0     000014f7  scalbnl                        
0     000015a5  __c28xabi_addd                 
0     00001641  UartConfig                     
0     000016d0  __c28xabi_divd                 
0     0000175b  __c28xabi_divf                 
0     000017e3  __c28xabi_mpyd                 
0     000018e0  SysCtl_getClock                
0     00001940  frexp                          
0     00001940  frexpl                         
0     0000199a  GPIO_setPadConfig              
0     000019ec  SCI_clearInterruptStatus       
0     00001a32  SCI_enableInterrupt            
0     00001a76  SysCtl_selectOscSource         
0     00001ab9  SCI_writeCharArray             
0     00001afa  SCI_setConfig                  
0     00001b38  Interrupt_initModule           
0     00001b75  SCI_readCharArray              
0     00001bb0  GPIO_setQualificationMode      
0     00001be8  GPIO_setPinConfig              
0     00001c1f  Interrupt_enable               
0     00001c53  sprintf                        
0     00001c85  GPIO_setDirectionMode          
0     00001cb6  __TI_decompress_lzss           
0     00001ce7  atoi                           
0     00001d18  __TI_ltoa                      
0     00001d48  gsmSend                        
0     00001d77  SysCtl_selectXTAL              
0     00001da2  __TI_auto_init_nobinit_nopinit 
0     00001dcd  __c28xabi_cmpd                 
0     00001df7  __c28xabi_divl                 
0     00001e06  __c28xabi_modl                 
0     00001e14  __c28xabi_divul                
0     00001e1b  __c28xabi_modul                
0     00001e21  C$$EXIT                        
0     00001e21  abort                          
0     00001e23  exit                           
0     00001ebc  copysign                       
0     00001ebc  copysignl                      
0     00001f03  __c28xabi_dtoi                 
0     00001f62  __c28xabi_dtol                 
0     00001f81  Interrupt_initVectorTable      
0     00001fbd  __c28xabi_cmpll                
0     00001fcf  __c28xabi_cmpull               
0     00001fdb  __c28xabi_itod                 
0     00001ff8  memcpy                         
0     00002015  __c28xabi_ltod                 
0     00002067  SysCtl_selectXTALSingleEnded   
0     00002117  __c28xabi_andll                
0     0000211f  __c28xabi_orll                 
0     00002127  __c28xabi_xorll                
0     00002174  _c_int00                       
0     000022a4  memccpy                        
0     000022d1  __c28xabi_subd                 
0     000022f9  __TI_zero_init_nomemset        
0     00002312  _args_main                     
0     0000231e  strchr                         
0     00002335  wcslen                         
0     00002340  _register_unlock               
0     00002344  _register_lock                 
0     00002348  _nop                           
0     00002349  __c28xabi_negd                 
0     00002352  __TI_decompress_none           
0     00002362  strlen                         
0     00002378  __error__                      
0     0000237f  memset                         
0     0000238c  strcpy                         
0     00002395  _system_pre_init               
0     00002397  _system_post_cinit             
0     0000a000  out                            
0     0000a002  __TI_enable_exit_profile_output
0     0000a004  __TI_cleanup_ptr               
0     0000a006  __TI_dtors_ptr                 
0     0000a008  fsmGsmState                    
0     0000a009  flags_rx                       
0     0000a00a  mainFsm                        
0     0000a00b  contData                       
0     0000a00c  dataLenght                     
0     0000a00d  errno                          
0     0000a00e  _lock                          
0     0000a010  _unlock                        
0     0000c20b  _ctypes_                       
abs   00000200  __TI_STACK_SIZE                
abs   ffffffff  __TI_pprof_out_hndl            
abs   ffffffff  __TI_prof_data_size            
abs   ffffffff  __TI_prof_data_start           
n/a   UNDEFED   __c_args__                     

[107 symbols]
