******************************************************************************
             TMS320C2000 Linker PC v21.6.0                     
******************************************************************************
>> Linked Thu Sep 29 17:12:16 2022

OUTPUT FILE NAME:   <FSM_CurrentSensor.out>
ENTRY POINT SYMBOL: "code_start"  address: 00080000


MEMORY CONFIGURATION

         name            origin    length      used     unused   attr    fill
----------------------  --------  ---------  --------  --------  ----  --------
  BOOT_RSVD             00000002   00000126  00000000  00000126  RWIX
  RAMM0                 00000128   000002d8  00000000  000002d8  RWIX
  RAMM1                 00000400   000003f8  00000200  000001f8  RWIX
  RAMLS4567             0000a000   00002000  00000015  00001feb  RWIX
  RAMGS0                0000c000   000007f8  00000004  000007f4  RWIX
  BEGIN                 00080000   00000002  00000002  00000000  RWIX
  FLASH_BANK0_SEC0      00080002   00000ffe  00000000  00000ffe  RWIX
  FLASH_BANK0_SEC1      00081000   00001000  000004a6  00000b5a  RWIX
  FLASH_BANK0_SEC2      00082000   00001000  00001000  00000000  RWIX
  FLASH_BANK0_SEC3      00083000   00001000  00001000  00000000  RWIX
  FLASH_BANK0_SEC4      00084000   00001000  00000270  00000d90  RWIX
  FLASH_BANK0_SEC5      00085000   00001000  00000000  00001000  RWIX
  FLASH_BANK0_SEC6      00086000   00001000  00000000  00001000  RWIX
  FLASH_BANK0_SEC7      00087000   00001000  00000000  00001000  RWIX
  FLASH_BANK0_SEC8      00088000   00001000  00000000  00001000  RWIX
  FLASH_BANK0_SEC9      00089000   00001000  00000000  00001000  RWIX
  FLASH_BANK0_SEC10     0008a000   00001000  00000000  00001000  RWIX
  FLASH_BANK0_SEC11     0008b000   00001000  00000000  00001000  RWIX
  FLASH_BANK0_SEC12     0008c000   00001000  00000000  00001000  RWIX
  FLASH_BANK0_SEC13     0008d000   00001000  00000000  00001000  RWIX
  FLASH_BANK0_SEC14     0008e000   00001000  00000000  00001000  RWIX
  FLASH_BANK0_SEC15     0008f000   00000ff0  00000000  00000ff0  RWIX
  BOOTROM               003f0000   00008000  00000000  00008000  RWIX
  BOOTROM_EXT           003f8000   00007fc0  00000000  00007fc0  RWIX
  RESET                 003fffc0   00000002  00000000  00000002  RWIX


SECTION ALLOCATION MAP

 output                                  attributes/
section   page    origin      length       input sections
--------  ----  ----------  ----------   ----------------
codestart 
*          0    00080000    00000002     
                  00080000    00000002     f28002x_codestartbranch.obj (codestart)

.switch    0    000813f8    00000092     
                  000813f8    00000092     main.obj (.switch:RxHandler)

.cinit     0    00081490    00000020     
                  00081490    0000000b     (.cinit..data.load) [load image, compression = lzss]
                  0008149b    00000001     --HOLE-- [fill = 0]
                  0008149c    00000006     (__TI_handler_table)
                  000814a2    00000004     (.cinit..bss.load) [load image, compression = zero_init]
                  000814a6    00000002     --HOLE-- [fill = 0]
                  000814a8    00000008     (__TI_cinit_table)

.reset     0    003fffc0    00000000     DSECT

.stack     0    00000400    00000200     UNINITIALIZED
                  00000400    00000200     --HOLE--

.init_array 
*          0    00081000    00000000     UNINITIALIZED

.bss       0    0000a012    00000004     UNINITIALIZED
                  0000a012    00000004     main.obj (.bss)

.data      0    0000a000    00000011     UNINITIALIZED
                  0000a000    00000006     main.obj (.data)
                  0000a006    00000006     rts2800_fpu32_eabi.lib : exit.c.obj (.data)
                  0000a00c    00000002                            : _lock.c.obj (.data:_lock)
                  0000a00e    00000002                            : _lock.c.obj (.data:_unlock)
                  0000a010    00000001                            : errno.c.obj (.data)

.const     0    00081008    000003f0     
                  00081008    00000101     rts2800_fpu32_eabi.lib : ctype.c.obj (.const:.string:_ctypes_)
                  00081109    00000001     --HOLE-- [fill = 0]
                  0008110a    000000bd     main.obj (.const:.string)
                  000811c7    00000001     --HOLE-- [fill = 0]
                  000811c8    0000009a     driverlib.lib : sysctl.obj (.const:.string)
                  00081262    00000098                   : gpio.obj (.const:.string)
                  000812fa    00000097                   : sci.obj (.const:.string)
                  00081391    00000001     --HOLE-- [fill = 0]
                  00081392    00000026     rts2800_fpu32_eabi.lib : _printfi.c.obj (.const:.string)
                  000813b8    0000001c                            : _printfi.c.obj (.const)
                  000813d4    0000001c                            : s_scalbn.c.obj (.const)
                  000813f0    00000008                            : s_frexp.c.obj (.const)

.TI.ramfunc 
*          0    00081000    00000004     RUN ADDR = 0000c000
                  00081000    00000004     driverlib.lib : sysctl.obj (.TI.ramfunc)

.text.1    0    00082000    00001000     
                  00082000    000006c9     rts2800_fpu32_eabi.lib : _printfi.c.obj (.text)
                  000826c9    0000062a                            : _printfi.c.obj (.text:__TI_printfi)
                  00082cf3    000002bf     main.obj (.text:RxHandler)
                  00082fb2    00000046     driverlib.lib : sci.obj (.text:SCI_clearInterruptStatus)
                  00082ff8    00000008     rts2800_fpu32_eabi.lib : copy_decompress_none.c.obj (.text:decompress:none)

.text.2    0    00083000    00001000     
                  00083000    00000133     driverlib.lib : sysctl.obj (.text:SysCtl_setClock)
                  00083133    00000107     rts2800_fpu32_eabi.lib : ll_div28.asm.obj (.text)
                  0008323a    000000fe     driverlib.lib : sysctl.obj (.text:SysCtl_isPLLValid)
                  00083338    000000e5     main.obj (.text:main)
                  0008341d    000000ae     rts2800_fpu32_eabi.lib : s_scalbn.c.obj (.text)
                  000834cb    0000009c                            : fd_add28.asm.obj (.text)
                  00083567    0000008f     main.obj (.text:UartConfig)
                  000835f6    0000008b     rts2800_fpu32_eabi.lib : fd_div28.asm.obj (.text)
                  00083681    00000088                            : fs_div28.asm.obj (.text)
                  00083709    00000083                            : fd_mpy28.asm.obj (.text)
                  0008378c    0000007a     driverlib.lib : sysctl.obj (.text:DCC_setCounterSeeds)
                  00083806    00000060                   : sysctl.obj (.text:SysCtl_getClock)
                  00083866    0000005a     rts2800_fpu32_eabi.lib : s_frexp.c.obj (.text)
                  000838c0    00000052     driverlib.lib : gpio.obj (.text:GPIO_setPadConfig)
                  00083912    00000044                   : sci.obj (.text:SCI_enableInterrupt)
                  00083956    00000043                   : sysctl.obj (.text:SysCtl_selectOscSource)
                  00083999    00000041                   : sci.obj (.text:SCI_writeCharArray)
                  000839da    0000003e                   : sci.obj (.text:SCI_setConfig)
                  00083a18    0000003d                   : interrupt.obj (.text:Interrupt_initModule)
                  00083a55    0000003b                   : sci.obj (.text:SCI_readCharArray)
                  00083a90    00000038                   : gpio.obj (.text:GPIO_setQualificationMode)
                  00083ac8    00000037                   : gpio.obj (.text:GPIO_setPinConfig)
                  00083aff    00000034                   : interrupt.obj (.text:Interrupt_enable)
                  00083b33    00000032     rts2800_fpu32_eabi.lib : sprintf.c.obj (.text)
                  00083b65    00000031     driverlib.lib : gpio.obj (.text:GPIO_setDirectionMode)
                  00083b96    00000031     rts2800_fpu32_eabi.lib : copy_decompress_lzss.c.obj (.text:decompress:lzss)
                  00083bc7    00000031                            : atoi.c.obj (.text)
                  00083bf8    00000030                            : _ltoa.c.obj (.text)
                  00083c28    0000002f     main.obj (.text:gsmSend)
                  00083c57    0000002b     driverlib.lib : sysctl.obj (.text:SysCtl_selectXTAL)
                  00083c82    0000002b     rts2800_fpu32_eabi.lib : autoinit.c.obj (.text:__TI_auto_init_nobinit_nopinit)
                  00083cad    0000002a                            : fd_cmp28.asm.obj (.text)
                  00083cd7    0000002a                            : l_div28.asm.obj (.text)
                  00083d01    00000029                            : exit.c.obj (.text)
                  00083d2a    00000027     main.obj (.text:SCI_setFIFOInterruptLevel)
                  00083d51    00000026     driverlib.lib : sysctl.obj (.text:SysCtl_pollX1Counter)
                  00083d77    00000025                   : sysctl.obj (.text:DCC_enableSingleShotMode)
                  00083d9c    00000025     rts2800_fpu32_eabi.lib : s_copysign.c.obj (.text)
                  00083dc1    00000022     driverlib.lib : sci.obj (.text:SCI_isFIFOEnabled)
                  00083de3    00000021     rts2800_fpu32_eabi.lib : fd_toi28.asm.obj (.text)
                  00083e04    0000001f     driverlib.lib : sysctl.obj (.text:DCC_setCounter0ClkSource)
                  00083e23    0000001f                   : sysctl.obj (.text:DCC_setCounter1ClkSource)
                  00083e42    0000001f     rts2800_fpu32_eabi.lib : fd_tol28.asm.obj (.text)
                  00083e61    0000001e     driverlib.lib : interrupt.obj (.text:Interrupt_initVectorTable)
                  00083e7f    0000001e     main.obj (.text:SCI_enableFIFO)
                  00083e9d    0000001e     rts2800_fpu32_eabi.lib : ll_cmp28.asm.obj (.text)
                  00083ebb    0000001d                            : i_tofd28.asm.obj (.text)
                  00083ed8    0000001d                            : memcpy.c.obj (.text)
                  00083ef5    0000001c                            : l_tofd28.asm.obj (.text)
                  00083f11    0000001b     driverlib.lib : sci.obj (.text:SCI_isDataAvailableNonFIFO)
                  00083f2c    0000001b                   : sci.obj (.text:SCI_isSpaceAvailableNonFIFO)
                  00083f47    0000001a                   : sysctl.obj (.text:SysCtl_selectXTALSingleEnded)
                  00083f61    00000019                   : sci.obj (.text:SCI_disableModule)
                  00083f7a    00000019                   : sci.obj (.text:SCI_performSoftwareReset)
                  00083f93    00000019     main.obj (.text:SCI_performSoftwareReset)
                  00083fac    00000019     main.obj (.text:SCI_resetChannels)
                  00083fc5    00000019     main.obj (.text:SCI_resetRxFIFO)
                  00083fde    00000019     main.obj (.text:SCI_resetTxFIFO)
                  00083ff7    00000009     rts2800_fpu32_eabi.lib : _lock.c.obj (.text)

.text.3    0    00084000    00000270     
                  00084000    00000018     rts2800_fpu32_eabi.lib : ll_aox28.asm.obj (.text)
                  00084018    00000017     driverlib.lib : sysctl.obj (.text:DCC_disableDoneSignal)
                  0008402f    00000017                   : sysctl.obj (.text:SysCtl_enablePeripheral)
                  00084046    00000017     main.obj (.text:SysCtl_enablePeripheral)
                  0008405d    00000017     rts2800_fpu32_eabi.lib : boot28.asm.obj (.text)
                  00084074    00000016     driverlib.lib : sysctl.obj (.text:DCC_clearDoneFlag)
                  0008408a    00000016                   : sysctl.obj (.text:DCC_clearErrorFlag)
                  000840a0    00000016                   : sysctl.obj (.text:DCC_disableErrorSignal)
                  000840b6    00000015                   : sysctl.obj (.text:DCC_isBaseValid)
                  000840cb    00000015                   : sci.obj (.text:SCI_getRxFIFOStatus)
                  000840e0    00000015                   : sci.obj (.text:SCI_getTxFIFOStatus)
                  000840f5    00000014                   : sysctl.obj (.text:DCC_disableModule)
                  00084109    00000014                   : sysctl.obj (.text:DCC_enableModule)
                  0008411d    00000014                   : gpio.obj (.text:GPIO_isPinValid)
                  00084131    00000014     main.obj (.text:SCI_clearOverflowStatus)
                  00084145    00000014     driverlib.lib : sci.obj (.text:SCI_enableModule)
                  00084159    00000014     main.obj (.text:SCI_enableModule)
                  0008416d    00000010     driverlib.lib : sci.obj (.text:SCI_isBaseValid)
                  0008417d    00000010     main.obj (.text:SCI_isBaseValid)
                  0008418d    00000010     rts2800_fpu32_eabi.lib : memccpy.c.obj (.text)
                  0008419d    0000000f     main.obj (.text:Interrupt_register)
                  000841ac    0000000e     driverlib.lib : interrupt.obj (.text:Interrupt_defaultHandler)
                  000841ba    0000000e     rts2800_fpu32_eabi.lib : fd_sub28.asm.obj (.text)
                  000841c8    0000000d     driverlib.lib : interrupt.obj (.text:Interrupt_disableMaster)
                  000841d5    0000000d                   : interrupt.obj (.text:Interrupt_enableMaster)
                  000841e2    0000000d     rts2800_fpu32_eabi.lib : copy_zero_init.c.obj (.text:decompress:ZI:__TI_zero_init_nomemset)
                  000841ef    0000000c     driverlib.lib : sysctl.obj (.text:SysCtl_setPLLSysClk)
                  000841fb    0000000c     rts2800_fpu32_eabi.lib : args_main.c.obj (.text)
                  00084207    0000000c                            : strchr.c.obj (.text)
                  00084213    0000000b     driverlib.lib : sysctl.obj (.text:SysCtl_isMCDClockFailureDetected)
                  0008421e    0000000b     rts2800_fpu32_eabi.lib : wcslen.c.obj (.text)
                  00084229    00000009                            : fd_neg28.asm.obj (.text)
                  00084232    00000008     f28002x_codestartbranch.obj (.text)
                  0008423a    00000008     rts2800_fpu32_eabi.lib : strlen.c.obj (.text)
                  00084242    00000007     driverlib.lib : sysctl.obj (.text:SysCtl_resetMCD)
                  00084249    00000007     main.obj (.text:SysCtl_resetMCD)
                  00084250    00000007     device.obj (.text:__error__)
                  00084257    00000007     rts2800_fpu32_eabi.lib : memset.c.obj (.text)
                  0008425e    00000006     main.obj (.text:Interrupt_clearACKGroup)
                  00084264    00000005     rts2800_fpu32_eabi.lib : strcpy.c.obj (.text)
                  00084269    00000002     driverlib.lib : interrupt.obj (.text:Interrupt_illegalOperationHandler)
                  0008426b    00000002                   : interrupt.obj (.text:Interrupt_nmiHandler)
                  0008426d    00000002     rts2800_fpu32_eabi.lib : pre_init.c.obj (.text)
                  0008426f    00000001                            : startup.c.obj (.text)

MODULE SUMMARY

       Module                        code   ro data   rw data
       ------                        ----   -------   -------
    .\
       main.obj                      1398   335       10     
    +--+-----------------------------+------+---------+---------+
       Total:                        1398   335       10     
                                                             
    .\device\
       f28002x_codestartbranch.obj   10     0         0      
       device.obj                    7      0         0      
    +--+-----------------------------+------+---------+---------+
       Total:                        17     0         0      
                                                             
    C:/ti/C2000Ware_4_01_00_00/driverlib/f28002x/driverlib/ccs/Debug/driverlib.lib
       sysctl.obj                    1263   154       0      
       sci.obj                       540    151       0      
       gpio.obj                      262    152       0      
       interrupt.obj                 187    0         0      
    +--+-----------------------------+------+---------+---------+
       Total:                        2252   457       0      
                                                             
    C:\ti\ccs1110\ccs\tools\compiler\ti-cgt-c2000_21.6.0.LTS\lib\rts2800_fpu32_eabi.lib
       _printfi.c.obj                3315   66        0      
       ll_div28.asm.obj              263    0         0      
       ctype.c.obj                   0      257       0      
       s_scalbn.c.obj                174    28        0      
       fd_add28.asm.obj              156    0         0      
       fd_div28.asm.obj              139    0         0      
       fs_div28.asm.obj              136    0         0      
       fd_mpy28.asm.obj              131    0         0      
       s_frexp.c.obj                 90     8         0      
       sprintf.c.obj                 50     0         0      
       atoi.c.obj                    49     0         0      
       copy_decompress_lzss.c.obj    49     0         0      
       _ltoa.c.obj                   48     0         0      
       exit.c.obj                    41     0         6      
       autoinit.c.obj                43     0         0      
       fd_cmp28.asm.obj              42     0         0      
       l_div28.asm.obj               42     0         0      
       s_copysign.c.obj              37     0         0      
       fd_toi28.asm.obj              33     0         0      
       fd_tol28.asm.obj              31     0         0      
       ll_cmp28.asm.obj              30     0         0      
       i_tofd28.asm.obj              29     0         0      
       memcpy.c.obj                  29     0         0      
       l_tofd28.asm.obj              28     0         0      
       ll_aox28.asm.obj              24     0         0      
       boot28.asm.obj                23     0         0      
       memccpy.c.obj                 16     0         0      
       fd_sub28.asm.obj              14     0         0      
       _lock.c.obj                   9      0         4      
       copy_zero_init.c.obj          13     0         0      
       args_main.c.obj               12     0         0      
       strchr.c.obj                  12     0         0      
       wcslen.c.obj                  11     0         0      
       fd_neg28.asm.obj              9      0         0      
       copy_decompress_none.c.obj    8      0         0      
       strlen.c.obj                  8      0         0      
       memset.c.obj                  7      0         0      
       strcpy.c.obj                  5      0         0      
       pre_init.c.obj                2      0         0      
       errno.c.obj                   0      0         1      
       startup.c.obj                 1      0         0      
    +--+-----------------------------+------+---------+---------+
       Total:                        5159   359       11     
                                                             
       Stack:                        0      0         512    
       Linker Generated:             0      29        0      
    +--+-----------------------------+------+---------+---------+
       Grand Total:                  8826   1180      533    


LINKER GENERATED COPY TABLES

__TI_cinit_table @ 000814a8 records: 2, size/record: 4, table size: 8
	.data: load addr=00081490, load size=0000000b bytes, run addr=0000a000, run size=00000011 bytes, compression=lzss
	.bss: load addr=000814a2, load size=00000004 bytes, run addr=0000a012, run size=00000004 bytes, compression=zero_init


LINKER GENERATED HANDLER TABLE

__TI_handler_table @ 0008149c records: 3, size/record: 2, table size: 6
	index: 0, handler: __TI_zero_init
	index: 1, handler: __TI_decompress_lzss
	index: 2, handler: __TI_decompress_none


GLOBAL DATA SYMBOLS: SORTED BY DATA PAGE

address     data page           name
--------    ----------------    ----
00000400      10 (00000400)     __stack

0000a000     280 (0000a000)     fsmGsmState
0000a001     280 (0000a000)     flags_rx
0000a002     280 (0000a000)     mainFsm
0000a003     280 (0000a000)     contData
0000a004     280 (0000a000)     dataLength
0000a005     280 (0000a000)     current
0000a006     280 (0000a000)     __TI_enable_exit_profile_output
0000a008     280 (0000a000)     __TI_cleanup_ptr
0000a00a     280 (0000a000)     __TI_dtors_ptr
0000a00c     280 (0000a000)     _lock
0000a00e     280 (0000a000)     _unlock
0000a010     280 (0000a000)     errno
0000a012     280 (0000a000)     out
0000a014     280 (0000a000)     current_sensor

00081008    2040 (00081000)     _ctypes_


GLOBAL SYMBOLS: SORTED ALPHABETICALLY BY Name 

page  address   name                           
----  -------   ----                           
0     00083d01  C$$EXIT                        
0     00083b65  GPIO_setDirectionMode          
0     000838c0  GPIO_setPadConfig              
0     00083ac8  GPIO_setPinConfig              
0     00083a90  GPIO_setQualificationMode      
0     00083aff  Interrupt_enable               
0     00083a18  Interrupt_initModule           
0     00083e61  Interrupt_initVectorTable      
0     00081004  RamfuncsLoadEnd                
abs   00000004  RamfuncsLoadSize               
0     00081000  RamfuncsLoadStart              
0     0000c004  RamfuncsRunEnd                 
abs   00000004  RamfuncsRunSize                
0     0000c000  RamfuncsRunStart               
0     00082cf3  RxHandler                      
0     00082fb2  SCI_clearInterruptStatus       
0     00083912  SCI_enableInterrupt            
0     00083a55  SCI_readCharArray              
0     000839da  SCI_setConfig                  
0     00083999  SCI_writeCharArray             
0     0000c000  SysCtl_delay                   
0     00083806  SysCtl_getClock                
0     0008323a  SysCtl_isPLLValid              
0     00083956  SysCtl_selectOscSource         
0     00083c57  SysCtl_selectXTAL              
0     00083f47  SysCtl_selectXTALSingleEnded   
0     00083000  SysCtl_setClock                
0     00083567  UartConfig                     
0     000814a8  __TI_CINIT_Base                
0     000814b0  __TI_CINIT_Limit               
0     000814b0  __TI_CINIT_Warm                
0     0008149c  __TI_Handler_Table_Base        
0     000814a2  __TI_Handler_Table_Limit       
0     00000600  __TI_STACK_END                 
abs   00000200  __TI_STACK_SIZE                
0     00083c82  __TI_auto_init_nobinit_nopinit 
0     0000a008  __TI_cleanup_ptr               
0     00083b96  __TI_decompress_lzss           
0     00082ff8  __TI_decompress_none           
0     0000a00a  __TI_dtors_ptr                 
0     0000a006  __TI_enable_exit_profile_output
0     00083bf8  __TI_ltoa                      
abs   ffffffff  __TI_pprof_out_hndl            
0     00082b62  __TI_printfi                   
abs   ffffffff  __TI_prof_data_size            
abs   ffffffff  __TI_prof_data_start           
0     000841e2  __TI_zero_init_nomemset        
0     000834cb  __c28xabi_addd                 
0     00084000  __c28xabi_andll                
0     00083cad  __c28xabi_cmpd                 
0     00083e9d  __c28xabi_cmpll                
0     00083eaf  __c28xabi_cmpull               
0     000835f6  __c28xabi_divd                 
0     00083681  __c28xabi_divf                 
0     00083cd7  __c28xabi_divl                 
0     00083133  __c28xabi_divll                
0     00083cf4  __c28xabi_divul                
0     000831a9  __c28xabi_divull               
0     00083de3  __c28xabi_dtoi                 
0     00083e42  __c28xabi_dtol                 
0     00083ebb  __c28xabi_itod                 
0     00083ef5  __c28xabi_ltod                 
0     00083ce6  __c28xabi_modl                 
0     0008316f  __c28xabi_modll                
0     00083cfb  __c28xabi_modul                
0     000831d8  __c28xabi_modull               
0     00083709  __c28xabi_mpyd                 
0     00084229  __c28xabi_negd                 
0     00084008  __c28xabi_orll                 
0     000841ba  __c28xabi_subd                 
0     00084010  __c28xabi_xorll                
n/a   UNDEFED   __c_args__                     
0     00084250  __error__                      
0     00000400  __stack                        
0     000841fb  _args_main                     
0     0008405d  _c_int00                       
0     00081008  _ctypes_                       
0     0000a00c  _lock                          
0     00083fff  _nop                           
0     00083ffb  _register_lock                 
0     00083ff7  _register_unlock               
0     0008426f  _system_post_cinit             
0     0008426d  _system_pre_init               
0     0000a00e  _unlock                        
0     00083d01  abort                          
0     00083bc7  atoi                           
0     00080000  code_start                     
0     0000a003  contData                       
0     00083d9c  copysign                       
0     00083d9c  copysignl                      
0     0000a005  current                        
0     0000a014  current_sensor                 
0     0000a004  dataLength                     
0     0000a010  errno                          
0     00083d03  exit                           
0     0000a001  flags_rx                       
0     00083866  frexp                          
0     00083866  frexpl                         
0     0000a000  fsmGsmState                    
0     00083c28  gsmSend                        
0     0008341d  ldexp                          
0     0008341d  ldexpl                         
0     00083338  main                           
0     0000a002  mainFsm                        
0     0008418d  memccpy                        
0     00083ed8  memcpy                         
0     00084257  memset                         
0     0000a012  out                            
0     0008341d  scalbn                         
0     0008341d  scalbnl                        
0     00083b33  sprintf                        
n/a   UNDEFED   str                            
0     00084207  strchr                         
0     00084264  strcpy                         
0     0008423a  strlen                         
0     0008421e  wcslen                         


GLOBAL SYMBOLS: SORTED BY Symbol Address 

page  address   name                           
----  -------   ----                           
0     00000400  __stack                        
0     00000600  __TI_STACK_END                 
0     0000a000  fsmGsmState                    
0     0000a001  flags_rx                       
0     0000a002  mainFsm                        
0     0000a003  contData                       
0     0000a004  dataLength                     
0     0000a005  current                        
0     0000a006  __TI_enable_exit_profile_output
0     0000a008  __TI_cleanup_ptr               
0     0000a00a  __TI_dtors_ptr                 
0     0000a00c  _lock                          
0     0000a00e  _unlock                        
0     0000a010  errno                          
0     0000a012  out                            
0     0000a014  current_sensor                 
0     0000c000  RamfuncsRunStart               
0     0000c000  SysCtl_delay                   
0     0000c004  RamfuncsRunEnd                 
0     00080000  code_start                     
0     00081000  RamfuncsLoadStart              
0     00081004  RamfuncsLoadEnd                
0     00081008  _ctypes_                       
0     0008149c  __TI_Handler_Table_Base        
0     000814a2  __TI_Handler_Table_Limit       
0     000814a8  __TI_CINIT_Base                
0     000814b0  __TI_CINIT_Limit               
0     000814b0  __TI_CINIT_Warm                
0     00082b62  __TI_printfi                   
0     00082cf3  RxHandler                      
0     00082fb2  SCI_clearInterruptStatus       
0     00082ff8  __TI_decompress_none           
0     00083000  SysCtl_setClock                
0     00083133  __c28xabi_divll                
0     0008316f  __c28xabi_modll                
0     000831a9  __c28xabi_divull               
0     000831d8  __c28xabi_modull               
0     0008323a  SysCtl_isPLLValid              
0     00083338  main                           
0     0008341d  ldexp                          
0     0008341d  ldexpl                         
0     0008341d  scalbn                         
0     0008341d  scalbnl                        
0     000834cb  __c28xabi_addd                 
0     00083567  UartConfig                     
0     000835f6  __c28xabi_divd                 
0     00083681  __c28xabi_divf                 
0     00083709  __c28xabi_mpyd                 
0     00083806  SysCtl_getClock                
0     00083866  frexp                          
0     00083866  frexpl                         
0     000838c0  GPIO_setPadConfig              
0     00083912  SCI_enableInterrupt            
0     00083956  SysCtl_selectOscSource         
0     00083999  SCI_writeCharArray             
0     000839da  SCI_setConfig                  
0     00083a18  Interrupt_initModule           
0     00083a55  SCI_readCharArray              
0     00083a90  GPIO_setQualificationMode      
0     00083ac8  GPIO_setPinConfig              
0     00083aff  Interrupt_enable               
0     00083b33  sprintf                        
0     00083b65  GPIO_setDirectionMode          
0     00083b96  __TI_decompress_lzss           
0     00083bc7  atoi                           
0     00083bf8  __TI_ltoa                      
0     00083c28  gsmSend                        
0     00083c57  SysCtl_selectXTAL              
0     00083c82  __TI_auto_init_nobinit_nopinit 
0     00083cad  __c28xabi_cmpd                 
0     00083cd7  __c28xabi_divl                 
0     00083ce6  __c28xabi_modl                 
0     00083cf4  __c28xabi_divul                
0     00083cfb  __c28xabi_modul                
0     00083d01  C$$EXIT                        
0     00083d01  abort                          
0     00083d03  exit                           
0     00083d9c  copysign                       
0     00083d9c  copysignl                      
0     00083de3  __c28xabi_dtoi                 
0     00083e42  __c28xabi_dtol                 
0     00083e61  Interrupt_initVectorTable      
0     00083e9d  __c28xabi_cmpll                
0     00083eaf  __c28xabi_cmpull               
0     00083ebb  __c28xabi_itod                 
0     00083ed8  memcpy                         
0     00083ef5  __c28xabi_ltod                 
0     00083f47  SysCtl_selectXTALSingleEnded   
0     00083ff7  _register_unlock               
0     00083ffb  _register_lock                 
0     00083fff  _nop                           
0     00084000  __c28xabi_andll                
0     00084008  __c28xabi_orll                 
0     00084010  __c28xabi_xorll                
0     0008405d  _c_int00                       
0     0008418d  memccpy                        
0     000841ba  __c28xabi_subd                 
0     000841e2  __TI_zero_init_nomemset        
0     000841fb  _args_main                     
0     00084207  strchr                         
0     0008421e  wcslen                         
0     00084229  __c28xabi_negd                 
0     0008423a  strlen                         
0     00084250  __error__                      
0     00084257  memset                         
0     00084264  strcpy                         
0     0008426d  _system_pre_init               
0     0008426f  _system_post_cinit             
abs   00000004  RamfuncsLoadSize               
abs   00000004  RamfuncsRunSize                
abs   00000200  __TI_STACK_SIZE                
abs   ffffffff  __TI_pprof_out_hndl            
abs   ffffffff  __TI_prof_data_size            
abs   ffffffff  __TI_prof_data_start           
n/a   UNDEFED   __c_args__                     
n/a   UNDEFED   str                            

[116 symbols]
