<?xml version="1.0" encoding="ISO-8859-1" ?>
<link_info>
   <banner>TMS320C2000 Linker PC v21.6.0.LTS</banner>
   <copyright>Copyright (c) 1996-2018 Texas Instruments Incorporated</copyright>
   <link_time>0x63338128</link_time>
   <link_errors>0x0</link_errors>
   <output_file>FSM_CurrentSensor.out</output_file>
   <entry_point>
      <name>code_start</name>
      <address>0x80000</address>
   </entry_point>
   <input_file_list>
      <input_file id="fl-2">
         <path>.\</path>
         <kind>object</kind>
         <file>main.obj</file>
         <name>main.obj</name>
      </input_file>
      <input_file id="fl-3">
         <path>.\device\</path>
         <kind>object</kind>
         <file>device.obj</file>
         <name>device.obj</name>
      </input_file>
      <input_file id="fl-4">
         <path>.\device\</path>
         <kind>object</kind>
         <file>f28002x_codestartbranch.obj</file>
         <name>f28002x_codestartbranch.obj</name>
      </input_file>
      <input_file id="fl-9">
         <kind>object</kind>
         <file>&lt;internal&gt;</file>
         <name>&lt;internal&gt;</name>
      </input_file>
      <input_file id="fl-a">
         <path>C:\ti\C2000Ware_4_01_00_00\driverlib\f28002x\driverlib\ccs\Debug\</path>
         <kind>archive</kind>
         <file>driverlib.lib</file>
         <name>dcc.obj</name>
      </input_file>
      <input_file id="fl-b">
         <path>C:\ti\C2000Ware_4_01_00_00\driverlib\f28002x\driverlib\ccs\Debug\</path>
         <kind>archive</kind>
         <file>driverlib.lib</file>
         <name>flash.obj</name>
      </input_file>
      <input_file id="fl-c">
         <path>C:\ti\C2000Ware_4_01_00_00\driverlib\f28002x\driverlib\ccs\Debug\</path>
         <kind>archive</kind>
         <file>driverlib.lib</file>
         <name>gpio.obj</name>
      </input_file>
      <input_file id="fl-d">
         <path>C:\ti\C2000Ware_4_01_00_00\driverlib\f28002x\driverlib\ccs\Debug\</path>
         <kind>archive</kind>
         <file>driverlib.lib</file>
         <name>interrupt.obj</name>
      </input_file>
      <input_file id="fl-e">
         <path>C:\ti\C2000Ware_4_01_00_00\driverlib\f28002x\driverlib\ccs\Debug\</path>
         <kind>archive</kind>
         <file>driverlib.lib</file>
         <name>sci.obj</name>
      </input_file>
      <input_file id="fl-f">
         <path>C:\ti\C2000Ware_4_01_00_00\driverlib\f28002x\driverlib\ccs\Debug\</path>
         <kind>archive</kind>
         <file>driverlib.lib</file>
         <name>sysctl.obj</name>
      </input_file>
      <input_file id="fl-1b">
         <path>C:\ti\ccs1110\ccs\tools\compiler\ti-cgt-c2000_21.6.0.LTS\lib\</path>
         <kind>archive</kind>
         <file>rts2800_fpu32_eabi.lib</file>
         <name>sprintf.c.obj</name>
      </input_file>
      <input_file id="fl-1c">
         <path>C:\ti\ccs1110\ccs\tools\compiler\ti-cgt-c2000_21.6.0.LTS\lib\</path>
         <kind>archive</kind>
         <file>rts2800_fpu32_eabi.lib</file>
         <name>boot28.asm.obj</name>
      </input_file>
      <input_file id="fl-1d">
         <path>C:\ti\ccs1110\ccs\tools\compiler\ti-cgt-c2000_21.6.0.LTS\lib\</path>
         <kind>archive</kind>
         <file>rts2800_fpu32_eabi.lib</file>
         <name>fs_div28.asm.obj</name>
      </input_file>
      <input_file id="fl-1e">
         <path>C:\ti\ccs1110\ccs\tools\compiler\ti-cgt-c2000_21.6.0.LTS\lib\</path>
         <kind>archive</kind>
         <file>rts2800_fpu32_eabi.lib</file>
         <name>memcpy.c.obj</name>
      </input_file>
      <input_file id="fl-1f">
         <path>C:\ti\ccs1110\ccs\tools\compiler\ti-cgt-c2000_21.6.0.LTS\lib\</path>
         <kind>archive</kind>
         <file>rts2800_fpu32_eabi.lib</file>
         <name>pre_init.c.obj</name>
      </input_file>
      <input_file id="fl-20">
         <path>C:\ti\ccs1110\ccs\tools\compiler\ti-cgt-c2000_21.6.0.LTS\lib\</path>
         <kind>archive</kind>
         <file>rts2800_fpu32_eabi.lib</file>
         <name>autoinit.c.obj</name>
      </input_file>
      <input_file id="fl-21">
         <path>C:\ti\ccs1110\ccs\tools\compiler\ti-cgt-c2000_21.6.0.LTS\lib\</path>
         <kind>archive</kind>
         <file>rts2800_fpu32_eabi.lib</file>
         <name>copy_zero_init.c.obj</name>
      </input_file>
      <input_file id="fl-22">
         <path>C:\ti\ccs1110\ccs\tools\compiler\ti-cgt-c2000_21.6.0.LTS\lib\</path>
         <kind>archive</kind>
         <file>rts2800_fpu32_eabi.lib</file>
         <name>copy_decompress_none.c.obj</name>
      </input_file>
      <input_file id="fl-23">
         <path>C:\ti\ccs1110\ccs\tools\compiler\ti-cgt-c2000_21.6.0.LTS\lib\</path>
         <kind>archive</kind>
         <file>rts2800_fpu32_eabi.lib</file>
         <name>copy_decompress_lzss.c.obj</name>
      </input_file>
      <input_file id="fl-24">
         <path>C:\ti\ccs1110\ccs\tools\compiler\ti-cgt-c2000_21.6.0.LTS\lib\</path>
         <kind>archive</kind>
         <file>rts2800_fpu32_eabi.lib</file>
         <name>exit.c.obj</name>
      </input_file>
      <input_file id="fl-25">
         <path>C:\ti\ccs1110\ccs\tools\compiler\ti-cgt-c2000_21.6.0.LTS\lib\</path>
         <kind>archive</kind>
         <file>rts2800_fpu32_eabi.lib</file>
         <name>_lock.c.obj</name>
      </input_file>
      <input_file id="fl-26">
         <path>C:\ti\ccs1110\ccs\tools\compiler\ti-cgt-c2000_21.6.0.LTS\lib\</path>
         <kind>archive</kind>
         <file>rts2800_fpu32_eabi.lib</file>
         <name>args_main.c.obj</name>
      </input_file>
      <input_file id="fl-27">
         <path>C:\ti\ccs1110\ccs\tools\compiler\ti-cgt-c2000_21.6.0.LTS\lib\</path>
         <kind>archive</kind>
         <file>rts2800_fpu32_eabi.lib</file>
         <name>memset.c.obj</name>
      </input_file>
      <input_file id="fl-28">
         <path>C:\ti\ccs1110\ccs\tools\compiler\ti-cgt-c2000_21.6.0.LTS\lib\</path>
         <kind>archive</kind>
         <file>rts2800_fpu32_eabi.lib</file>
         <name>strlen.c.obj</name>
      </input_file>
      <input_file id="fl-29">
         <path>C:\ti\ccs1110\ccs\tools\compiler\ti-cgt-c2000_21.6.0.LTS\lib\</path>
         <kind>archive</kind>
         <file>rts2800_fpu32_eabi.lib</file>
         <name>_printfi.c.obj</name>
      </input_file>
      <input_file id="fl-2a">
         <path>C:\ti\ccs1110\ccs\tools\compiler\ti-cgt-c2000_21.6.0.LTS\lib\</path>
         <kind>archive</kind>
         <file>rts2800_fpu32_eabi.lib</file>
         <name>s_frexp.c.obj</name>
      </input_file>
      <input_file id="fl-2b">
         <path>C:\ti\ccs1110\ccs\tools\compiler\ti-cgt-c2000_21.6.0.LTS\lib\</path>
         <kind>archive</kind>
         <file>rts2800_fpu32_eabi.lib</file>
         <name>s_scalbn.c.obj</name>
      </input_file>
      <input_file id="fl-2c">
         <path>C:\ti\ccs1110\ccs\tools\compiler\ti-cgt-c2000_21.6.0.LTS\lib\</path>
         <kind>archive</kind>
         <file>rts2800_fpu32_eabi.lib</file>
         <name>fd_add28.asm.obj</name>
      </input_file>
      <input_file id="fl-2d">
         <path>C:\ti\ccs1110\ccs\tools\compiler\ti-cgt-c2000_21.6.0.LTS\lib\</path>
         <kind>archive</kind>
         <file>rts2800_fpu32_eabi.lib</file>
         <name>fd_cmp28.asm.obj</name>
      </input_file>
      <input_file id="fl-2e">
         <path>C:\ti\ccs1110\ccs\tools\compiler\ti-cgt-c2000_21.6.0.LTS\lib\</path>
         <kind>archive</kind>
         <file>rts2800_fpu32_eabi.lib</file>
         <name>fd_mpy28.asm.obj</name>
      </input_file>
      <input_file id="fl-2f">
         <path>C:\ti\ccs1110\ccs\tools\compiler\ti-cgt-c2000_21.6.0.LTS\lib\</path>
         <kind>archive</kind>
         <file>rts2800_fpu32_eabi.lib</file>
         <name>fd_neg28.asm.obj</name>
      </input_file>
      <input_file id="fl-30">
         <path>C:\ti\ccs1110\ccs\tools\compiler\ti-cgt-c2000_21.6.0.LTS\lib\</path>
         <kind>archive</kind>
         <file>rts2800_fpu32_eabi.lib</file>
         <name>fd_sub28.asm.obj</name>
      </input_file>
      <input_file id="fl-31">
         <path>C:\ti\ccs1110\ccs\tools\compiler\ti-cgt-c2000_21.6.0.LTS\lib\</path>
         <kind>archive</kind>
         <file>rts2800_fpu32_eabi.lib</file>
         <name>fd_toi28.asm.obj</name>
      </input_file>
      <input_file id="fl-32">
         <path>C:\ti\ccs1110\ccs\tools\compiler\ti-cgt-c2000_21.6.0.LTS\lib\</path>
         <kind>archive</kind>
         <file>rts2800_fpu32_eabi.lib</file>
         <name>fd_tol28.asm.obj</name>
      </input_file>
      <input_file id="fl-33">
         <path>C:\ti\ccs1110\ccs\tools\compiler\ti-cgt-c2000_21.6.0.LTS\lib\</path>
         <kind>archive</kind>
         <file>rts2800_fpu32_eabi.lib</file>
         <name>ll_aox28.asm.obj</name>
      </input_file>
      <input_file id="fl-34">
         <path>C:\ti\ccs1110\ccs\tools\compiler\ti-cgt-c2000_21.6.0.LTS\lib\</path>
         <kind>archive</kind>
         <file>rts2800_fpu32_eabi.lib</file>
         <name>ll_cmp28.asm.obj</name>
      </input_file>
      <input_file id="fl-35">
         <path>C:\ti\ccs1110\ccs\tools\compiler\ti-cgt-c2000_21.6.0.LTS\lib\</path>
         <kind>archive</kind>
         <file>rts2800_fpu32_eabi.lib</file>
         <name>ll_div28.asm.obj</name>
      </input_file>
      <input_file id="fl-36">
         <path>C:\ti\ccs1110\ccs\tools\compiler\ti-cgt-c2000_21.6.0.LTS\lib\</path>
         <kind>archive</kind>
         <file>rts2800_fpu32_eabi.lib</file>
         <name>i_tofd28.asm.obj</name>
      </input_file>
      <input_file id="fl-37">
         <path>C:\ti\ccs1110\ccs\tools\compiler\ti-cgt-c2000_21.6.0.LTS\lib\</path>
         <kind>archive</kind>
         <file>rts2800_fpu32_eabi.lib</file>
         <name>l_tofd28.asm.obj</name>
      </input_file>
      <input_file id="fl-38">
         <path>C:\ti\ccs1110\ccs\tools\compiler\ti-cgt-c2000_21.6.0.LTS\lib\</path>
         <kind>archive</kind>
         <file>rts2800_fpu32_eabi.lib</file>
         <name>fd_div28.asm.obj</name>
      </input_file>
      <input_file id="fl-39">
         <path>C:\ti\ccs1110\ccs\tools\compiler\ti-cgt-c2000_21.6.0.LTS\lib\</path>
         <kind>archive</kind>
         <file>rts2800_fpu32_eabi.lib</file>
         <name>cpy_tbl.c.obj</name>
      </input_file>
      <input_file id="fl-3a">
         <path>C:\ti\ccs1110\ccs\tools\compiler\ti-cgt-c2000_21.6.0.LTS\lib\</path>
         <kind>archive</kind>
         <file>rts2800_fpu32_eabi.lib</file>
         <name>startup.c.obj</name>
      </input_file>
      <input_file id="fl-3b">
         <path>C:\ti\ccs1110\ccs\tools\compiler\ti-cgt-c2000_21.6.0.LTS\lib\</path>
         <kind>archive</kind>
         <file>rts2800_fpu32_eabi.lib</file>
         <name>_ltoa.c.obj</name>
      </input_file>
      <input_file id="fl-3c">
         <path>C:\ti\ccs1110\ccs\tools\compiler\ti-cgt-c2000_21.6.0.LTS\lib\</path>
         <kind>archive</kind>
         <file>rts2800_fpu32_eabi.lib</file>
         <name>atoi.c.obj</name>
      </input_file>
      <input_file id="fl-3d">
         <path>C:\ti\ccs1110\ccs\tools\compiler\ti-cgt-c2000_21.6.0.LTS\lib\</path>
         <kind>archive</kind>
         <file>rts2800_fpu32_eabi.lib</file>
         <name>ctype.c.obj</name>
      </input_file>
      <input_file id="fl-3e">
         <path>C:\ti\ccs1110\ccs\tools\compiler\ti-cgt-c2000_21.6.0.LTS\lib\</path>
         <kind>archive</kind>
         <file>rts2800_fpu32_eabi.lib</file>
         <name>memccpy.c.obj</name>
      </input_file>
      <input_file id="fl-3f">
         <path>C:\ti\ccs1110\ccs\tools\compiler\ti-cgt-c2000_21.6.0.LTS\lib\</path>
         <kind>archive</kind>
         <file>rts2800_fpu32_eabi.lib</file>
         <name>strchr.c.obj</name>
      </input_file>
      <input_file id="fl-40">
         <path>C:\ti\ccs1110\ccs\tools\compiler\ti-cgt-c2000_21.6.0.LTS\lib\</path>
         <kind>archive</kind>
         <file>rts2800_fpu32_eabi.lib</file>
         <name>strcpy.c.obj</name>
      </input_file>
      <input_file id="fl-41">
         <path>C:\ti\ccs1110\ccs\tools\compiler\ti-cgt-c2000_21.6.0.LTS\lib\</path>
         <kind>archive</kind>
         <file>rts2800_fpu32_eabi.lib</file>
         <name>errno.c.obj</name>
      </input_file>
      <input_file id="fl-42">
         <path>C:\ti\ccs1110\ccs\tools\compiler\ti-cgt-c2000_21.6.0.LTS\lib\</path>
         <kind>archive</kind>
         <file>rts2800_fpu32_eabi.lib</file>
         <name>wcslen.c.obj</name>
      </input_file>
      <input_file id="fl-43">
         <path>C:\ti\ccs1110\ccs\tools\compiler\ti-cgt-c2000_21.6.0.LTS\lib\</path>
         <kind>archive</kind>
         <file>rts2800_fpu32_eabi.lib</file>
         <name>s_copysign.c.obj</name>
      </input_file>
      <input_file id="fl-44">
         <path>C:\ti\ccs1110\ccs\tools\compiler\ti-cgt-c2000_21.6.0.LTS\lib\</path>
         <kind>archive</kind>
         <file>rts2800_fpu32_eabi.lib</file>
         <name>l_div28.asm.obj</name>
      </input_file>
   </input_file_list>
   <object_component_list>
      <object_component id="oc-21">
         <name>codestart</name>
         <load_address>0x80000</load_address>
         <run_address>0x80000</run_address>
         <size>0x2</size>
         <input_file_ref idref="fl-4"/>
      </object_component>
      <object_component id="oc-34a">
         <name>.text</name>
         <load_address>0x82000</load_address>
         <run_address>0x82000</run_address>
         <size>0x6c9</size>
         <input_file_ref idref="fl-29"/>
      </object_component>
      <object_component id="oc-2ec">
         <name>.text:__TI_printfi</name>
         <load_address>0x826c9</load_address>
         <run_address>0x826c9</run_address>
         <size>0x62a</size>
         <input_file_ref idref="fl-29"/>
      </object_component>
      <object_component id="oc-1be">
         <name>.text:main</name>
         <load_address>0x82cf3</load_address>
         <run_address>0x82cf3</run_address>
         <size>0x217</size>
         <input_file_ref idref="fl-2"/>
      </object_component>
      <object_component id="oc-39d">
         <name>.text</name>
         <load_address>0x82f0a</load_address>
         <run_address>0x82f0a</run_address>
         <size>0xae</size>
         <input_file_ref idref="fl-2b"/>
      </object_component>
      <object_component id="oc-61">
         <name>.text:SCI_clearInterruptStatus</name>
         <load_address>0x82fb8</load_address>
         <run_address>0x82fb8</run_address>
         <size>0x46</size>
         <input_file_ref idref="fl-e"/>
      </object_component>
      <object_component id="oc-256">
         <name>.text:Interrupt_illegalOperationHandler</name>
         <load_address>0x82ffe</load_address>
         <run_address>0x82ffe</run_address>
         <size>0x2</size>
         <input_file_ref idref="fl-d"/>
      </object_component>
      <object_component id="oc-1ef">
         <name>.text:SysCtl_setClock</name>
         <load_address>0x83000</load_address>
         <run_address>0x83000</run_address>
         <size>0x133</size>
         <input_file_ref idref="fl-f"/>
      </object_component>
      <object_component id="oc-336">
         <name>.text</name>
         <load_address>0x83133</load_address>
         <run_address>0x83133</run_address>
         <size>0x107</size>
         <input_file_ref idref="fl-35"/>
      </object_component>
      <object_component id="oc-242">
         <name>.text:SysCtl_isPLLValid</name>
         <load_address>0x8323a</load_address>
         <run_address>0x8323a</run_address>
         <size>0xfe</size>
         <input_file_ref idref="fl-f"/>
      </object_component>
      <object_component id="oc-3ce">
         <name>.text</name>
         <load_address>0x83338</load_address>
         <run_address>0x83338</run_address>
         <size>0x9c</size>
         <input_file_ref idref="fl-2c"/>
      </object_component>
      <object_component id="oc-2d">
         <name>.text:UartConfig</name>
         <load_address>0x833d4</load_address>
         <run_address>0x833d4</run_address>
         <size>0x8f</size>
         <input_file_ref idref="fl-2"/>
      </object_component>
      <object_component id="oc-373">
         <name>.text</name>
         <load_address>0x83463</load_address>
         <run_address>0x83463</run_address>
         <size>0x8b</size>
         <input_file_ref idref="fl-38"/>
      </object_component>
      <object_component id="oc-288">
         <name>.text</name>
         <load_address>0x834ee</load_address>
         <run_address>0x834ee</run_address>
         <size>0x88</size>
         <input_file_ref idref="fl-1d"/>
      </object_component>
      <object_component id="oc-378">
         <name>.text</name>
         <load_address>0x83576</load_address>
         <run_address>0x83576</run_address>
         <size>0x83</size>
         <input_file_ref idref="fl-2e"/>
      </object_component>
      <object_component id="oc-2bd">
         <name>.text:DCC_setCounterSeeds</name>
         <load_address>0x835f9</load_address>
         <run_address>0x835f9</run_address>
         <size>0x7a</size>
         <input_file_ref idref="fl-f"/>
      </object_component>
      <object_component id="oc-8b">
         <name>.text:SysCtl_getClock</name>
         <load_address>0x83673</load_address>
         <run_address>0x83673</run_address>
         <size>0x60</size>
         <input_file_ref idref="fl-f"/>
      </object_component>
      <object_component id="oc-397">
         <name>.text</name>
         <load_address>0x836d3</load_address>
         <run_address>0x836d3</run_address>
         <size>0x5a</size>
         <input_file_ref idref="fl-2a"/>
      </object_component>
      <object_component id="oc-79">
         <name>.text:GPIO_setPadConfig</name>
         <load_address>0x8372d</load_address>
         <run_address>0x8372d</run_address>
         <size>0x52</size>
         <input_file_ref idref="fl-c"/>
      </object_component>
      <object_component id="oc-b5">
         <name>.text:SCI_enableInterrupt</name>
         <load_address>0x8377f</load_address>
         <run_address>0x8377f</run_address>
         <size>0x44</size>
         <input_file_ref idref="fl-e"/>
      </object_component>
      <object_component id="oc-236">
         <name>.text:SysCtl_selectOscSource</name>
         <load_address>0x837c3</load_address>
         <run_address>0x837c3</run_address>
         <size>0x43</size>
         <input_file_ref idref="fl-f"/>
      </object_component>
      <object_component id="oc-2c">
         <name>.text:RxHandler</name>
         <load_address>0x83806</load_address>
         <run_address>0x83806</run_address>
         <size>0x42</size>
         <input_file_ref idref="fl-2"/>
      </object_component>
      <object_component id="oc-25d">
         <name>.text:SCI_writeCharArray</name>
         <load_address>0x83848</load_address>
         <run_address>0x83848</run_address>
         <size>0x41</size>
         <input_file_ref idref="fl-e"/>
      </object_component>
      <object_component id="oc-91">
         <name>.text:SCI_setConfig</name>
         <load_address>0x83889</load_address>
         <run_address>0x83889</run_address>
         <size>0x3e</size>
         <input_file_ref idref="fl-e"/>
      </object_component>
      <object_component id="oc-1f5">
         <name>.text:Interrupt_initModule</name>
         <load_address>0x838c7</load_address>
         <run_address>0x838c7</run_address>
         <size>0x3d</size>
         <input_file_ref idref="fl-d"/>
      </object_component>
      <object_component id="oc-55">
         <name>.text:SCI_readCharArray</name>
         <load_address>0x83904</load_address>
         <run_address>0x83904</run_address>
         <size>0x3b</size>
         <input_file_ref idref="fl-e"/>
      </object_component>
      <object_component id="oc-7f">
         <name>.text:GPIO_setQualificationMode</name>
         <load_address>0x8393f</load_address>
         <run_address>0x8393f</run_address>
         <size>0x38</size>
         <input_file_ref idref="fl-c"/>
      </object_component>
      <object_component id="oc-6d">
         <name>.text:GPIO_setPinConfig</name>
         <load_address>0x83977</load_address>
         <run_address>0x83977</run_address>
         <size>0x37</size>
         <input_file_ref idref="fl-c"/>
      </object_component>
      <object_component id="oc-c7">
         <name>.text:Interrupt_enable</name>
         <load_address>0x839ae</load_address>
         <run_address>0x839ae</run_address>
         <size>0x34</size>
         <input_file_ref idref="fl-d"/>
      </object_component>
      <object_component id="oc-208">
         <name>.text</name>
         <load_address>0x839e2</load_address>
         <run_address>0x839e2</run_address>
         <size>0x32</size>
         <input_file_ref idref="fl-1b"/>
      </object_component>
      <object_component id="oc-73">
         <name>.text:GPIO_setDirectionMode</name>
         <load_address>0x83a14</load_address>
         <run_address>0x83a14</run_address>
         <size>0x31</size>
         <input_file_ref idref="fl-c"/>
      </object_component>
      <object_component id="oc-14">
         <name>.text:decompress:lzss</name>
         <load_address>0x83a45</load_address>
         <run_address>0x83a45</run_address>
         <size>0x31</size>
         <input_file_ref idref="fl-23"/>
      </object_component>
      <object_component id="oc-32b">
         <name>.text</name>
         <load_address>0x83a76</load_address>
         <run_address>0x83a76</run_address>
         <size>0x31</size>
         <input_file_ref idref="fl-3c"/>
      </object_component>
      <object_component id="oc-382">
         <name>.text</name>
         <load_address>0x83aa7</load_address>
         <run_address>0x83aa7</run_address>
         <size>0x30</size>
         <input_file_ref idref="fl-3b"/>
      </object_component>
      <object_component id="oc-201">
         <name>.text:gsmSend</name>
         <load_address>0x83ad7</load_address>
         <run_address>0x83ad7</run_address>
         <size>0x2f</size>
         <input_file_ref idref="fl-2"/>
      </object_component>
      <object_component id="oc-27a">
         <name>.text:SysCtl_selectXTAL</name>
         <load_address>0x83b06</load_address>
         <run_address>0x83b06</run_address>
         <size>0x2b</size>
         <input_file_ref idref="fl-f"/>
      </object_component>
      <object_component id="oc-18e">
         <name>.text:__TI_auto_init_nobinit_nopinit</name>
         <load_address>0x83b31</load_address>
         <run_address>0x83b31</run_address>
         <size>0x2b</size>
         <input_file_ref idref="fl-20"/>
      </object_component>
      <object_component id="oc-369">
         <name>.text</name>
         <load_address>0x83b5c</load_address>
         <run_address>0x83b5c</run_address>
         <size>0x2a</size>
         <input_file_ref idref="fl-2d"/>
      </object_component>
      <object_component id="oc-3c6">
         <name>.text</name>
         <load_address>0x83b86</load_address>
         <run_address>0x83b86</run_address>
         <size>0x2a</size>
         <input_file_ref idref="fl-44"/>
      </object_component>
      <object_component id="oc-168">
         <name>.text</name>
         <load_address>0x83bb0</load_address>
         <run_address>0x83bb0</run_address>
         <size>0x29</size>
         <input_file_ref idref="fl-24"/>
      </object_component>
      <object_component id="oc-bb">
         <name>.text:SCI_setFIFOInterruptLevel</name>
         <load_address>0x83bd9</load_address>
         <run_address>0x83bd9</run_address>
         <size>0x27</size>
         <input_file_ref idref="fl-2"/>
      </object_component>
      <object_component id="oc-2fa">
         <name>.text:SysCtl_pollX1Counter</name>
         <load_address>0x83c00</load_address>
         <run_address>0x83c00</run_address>
         <size>0x26</size>
         <input_file_ref idref="fl-f"/>
      </object_component>
      <object_component id="oc-2c3">
         <name>.text:DCC_enableSingleShotMode</name>
         <load_address>0x83c26</load_address>
         <run_address>0x83c26</run_address>
         <size>0x25</size>
         <input_file_ref idref="fl-f"/>
      </object_component>
      <object_component id="oc-3dd">
         <name>.text</name>
         <load_address>0x83c4b</load_address>
         <run_address>0x83c4b</run_address>
         <size>0x25</size>
         <input_file_ref idref="fl-43"/>
      </object_component>
      <object_component id="oc-f4">
         <name>.text:SCI_isFIFOEnabled</name>
         <load_address>0x83c70</load_address>
         <run_address>0x83c70</run_address>
         <size>0x22</size>
         <input_file_ref idref="fl-e"/>
      </object_component>
      <object_component id="oc-392">
         <name>.text</name>
         <load_address>0x83c92</load_address>
         <run_address>0x83c92</run_address>
         <size>0x21</size>
         <input_file_ref idref="fl-31"/>
      </object_component>
      <object_component id="oc-2b1">
         <name>.text:DCC_setCounter0ClkSource</name>
         <load_address>0x83cb3</load_address>
         <run_address>0x83cb3</run_address>
         <size>0x1f</size>
         <input_file_ref idref="fl-f"/>
      </object_component>
      <object_component id="oc-2b7">
         <name>.text:DCC_setCounter1ClkSource</name>
         <load_address>0x83cd2</load_address>
         <run_address>0x83cd2</run_address>
         <size>0x1f</size>
         <input_file_ref idref="fl-f"/>
      </object_component>
      <object_component id="oc-37d">
         <name>.text</name>
         <load_address>0x83cf1</load_address>
         <run_address>0x83cf1</run_address>
         <size>0x1f</size>
         <input_file_ref idref="fl-32"/>
      </object_component>
      <object_component id="oc-1fb">
         <name>.text:Interrupt_initVectorTable</name>
         <load_address>0x83d10</load_address>
         <run_address>0x83d10</run_address>
         <size>0x1e</size>
         <input_file_ref idref="fl-d"/>
      </object_component>
      <object_component id="oc-a9">
         <name>.text:SCI_enableFIFO</name>
         <load_address>0x83d2e</load_address>
         <run_address>0x83d2e</run_address>
         <size>0x1e</size>
         <input_file_ref idref="fl-2"/>
      </object_component>
      <object_component id="oc-331">
         <name>.text</name>
         <load_address>0x83d4c</load_address>
         <run_address>0x83d4c</run_address>
         <size>0x1e</size>
         <input_file_ref idref="fl-34"/>
      </object_component>
      <object_component id="oc-3a3">
         <name>.text</name>
         <load_address>0x83d6a</load_address>
         <run_address>0x83d6a</run_address>
         <size>0x1d</size>
         <input_file_ref idref="fl-36"/>
      </object_component>
      <object_component id="oc-3b">
         <name>.text</name>
         <load_address>0x83d87</load_address>
         <run_address>0x83d87</run_address>
         <size>0x1d</size>
         <input_file_ref idref="fl-1e"/>
      </object_component>
      <object_component id="oc-388">
         <name>.text</name>
         <load_address>0x83da4</load_address>
         <run_address>0x83da4</run_address>
         <size>0x1c</size>
         <input_file_ref idref="fl-37"/>
      </object_component>
      <object_component id="oc-100">
         <name>.text:SCI_isDataAvailableNonFIFO</name>
         <load_address>0x83dc0</load_address>
         <run_address>0x83dc0</run_address>
         <size>0x1b</size>
         <input_file_ref idref="fl-e"/>
      </object_component>
      <object_component id="oc-2d9">
         <name>.text:SCI_isSpaceAvailableNonFIFO</name>
         <load_address>0x83ddb</load_address>
         <run_address>0x83ddb</run_address>
         <size>0x1b</size>
         <input_file_ref idref="fl-e"/>
      </object_component>
      <object_component id="oc-280">
         <name>.text:SysCtl_selectXTALSingleEnded</name>
         <load_address>0x83df6</load_address>
         <run_address>0x83df6</run_address>
         <size>0x1a</size>
         <input_file_ref idref="fl-f"/>
      </object_component>
      <object_component id="oc-12d">
         <name>.text:SCI_disableModule</name>
         <load_address>0x83e10</load_address>
         <run_address>0x83e10</run_address>
         <size>0x19</size>
         <input_file_ref idref="fl-e"/>
      </object_component>
      <object_component id="oc-110">
         <name>.text:SCI_performSoftwareReset</name>
         <load_address>0x83e29</load_address>
         <run_address>0x83e29</run_address>
         <size>0x19</size>
         <input_file_ref idref="fl-e"/>
      </object_component>
      <object_component id="oc-85">
         <name>.text:SCI_performSoftwareReset</name>
         <load_address>0x83e42</load_address>
         <run_address>0x83e42</run_address>
         <size>0x19</size>
         <input_file_ref idref="fl-2"/>
      </object_component>
      <object_component id="oc-97">
         <name>.text:SCI_resetChannels</name>
         <load_address>0x83e5b</load_address>
         <run_address>0x83e5b</run_address>
         <size>0x19</size>
         <input_file_ref idref="fl-2"/>
      </object_component>
      <object_component id="oc-9d">
         <name>.text:SCI_resetRxFIFO</name>
         <load_address>0x83e74</load_address>
         <run_address>0x83e74</run_address>
         <size>0x19</size>
         <input_file_ref idref="fl-2"/>
      </object_component>
      <object_component id="oc-a3">
         <name>.text:SCI_resetTxFIFO</name>
         <load_address>0x83e8d</load_address>
         <run_address>0x83e8d</run_address>
         <size>0x19</size>
         <input_file_ref idref="fl-2"/>
      </object_component>
      <object_component id="oc-33b">
         <name>.text</name>
         <load_address>0x83ea6</load_address>
         <run_address>0x83ea6</run_address>
         <size>0x18</size>
         <input_file_ref idref="fl-33"/>
      </object_component>
      <object_component id="oc-2ab">
         <name>.text:DCC_disableDoneSignal</name>
         <load_address>0x83ebe</load_address>
         <run_address>0x83ebe</run_address>
         <size>0x17</size>
         <input_file_ref idref="fl-f"/>
      </object_component>
      <object_component id="oc-28d">
         <name>.text:SysCtl_enablePeripheral</name>
         <load_address>0x83ed5</load_address>
         <run_address>0x83ed5</run_address>
         <size>0x17</size>
         <input_file_ref idref="fl-f"/>
      </object_component>
      <object_component id="oc-67">
         <name>.text:SysCtl_enablePeripheral</name>
         <load_address>0x83eec</load_address>
         <run_address>0x83eec</run_address>
         <size>0x17</size>
         <input_file_ref idref="fl-2"/>
      </object_component>
      <object_component id="oc-e1">
         <name>.text</name>
         <load_address>0x83f03</load_address>
         <run_address>0x83f03</run_address>
         <size>0x17</size>
         <input_file_ref idref="fl-1c"/>
      </object_component>
      <object_component id="oc-299">
         <name>.text:DCC_clearDoneFlag</name>
         <load_address>0x83f1a</load_address>
         <run_address>0x83f1a</run_address>
         <size>0x16</size>
         <input_file_ref idref="fl-f"/>
      </object_component>
      <object_component id="oc-293">
         <name>.text:DCC_clearErrorFlag</name>
         <load_address>0x83f30</load_address>
         <run_address>0x83f30</run_address>
         <size>0x16</size>
         <input_file_ref idref="fl-f"/>
      </object_component>
      <object_component id="oc-2a5">
         <name>.text:DCC_disableErrorSignal</name>
         <load_address>0x83f46</load_address>
         <run_address>0x83f46</run_address>
         <size>0x16</size>
         <input_file_ref idref="fl-f"/>
      </object_component>
      <object_component id="oc-30a">
         <name>.text:DCC_isBaseValid</name>
         <load_address>0x83f5c</load_address>
         <run_address>0x83f5c</run_address>
         <size>0x15</size>
         <input_file_ref idref="fl-f"/>
      </object_component>
      <object_component id="oc-fa">
         <name>.text:SCI_getRxFIFOStatus</name>
         <load_address>0x83f71</load_address>
         <run_address>0x83f71</run_address>
         <size>0x15</size>
         <input_file_ref idref="fl-e"/>
      </object_component>
      <object_component id="oc-2d3">
         <name>.text:SCI_getTxFIFOStatus</name>
         <load_address>0x83f86</load_address>
         <run_address>0x83f86</run_address>
         <size>0x15</size>
         <input_file_ref idref="fl-e"/>
      </object_component>
      <object_component id="oc-29f">
         <name>.text:DCC_disableModule</name>
         <load_address>0x83f9b</load_address>
         <run_address>0x83f9b</run_address>
         <size>0x14</size>
         <input_file_ref idref="fl-f"/>
      </object_component>
      <object_component id="oc-2c9">
         <name>.text:DCC_enableModule</name>
         <load_address>0x83faf</load_address>
         <run_address>0x83faf</run_address>
         <size>0x14</size>
         <input_file_ref idref="fl-f"/>
      </object_component>
      <object_component id="oc-11a">
         <name>.text:GPIO_isPinValid</name>
         <load_address>0x83fc3</load_address>
         <run_address>0x83fc3</run_address>
         <size>0x14</size>
         <input_file_ref idref="fl-c"/>
      </object_component>
      <object_component id="oc-5b">
         <name>.text:SCI_clearOverflowStatus</name>
         <load_address>0x83fd7</load_address>
         <run_address>0x83fd7</run_address>
         <size>0x14</size>
         <input_file_ref idref="fl-2"/>
      </object_component>
      <object_component id="oc-133">
         <name>.text:SCI_enableModule</name>
         <load_address>0x83feb</load_address>
         <run_address>0x83feb</run_address>
         <size>0x14</size>
         <input_file_ref idref="fl-e"/>
      </object_component>
      <object_component id="oc-1d4">
         <name>.text</name>
         <load_address>0x83fff</load_address>
         <run_address>0x83fff</run_address>
         <size>0x1</size>
         <input_file_ref idref="fl-3a"/>
      </object_component>
      <object_component id="oc-af">
         <name>.text:SCI_enableModule</name>
         <load_address>0x84000</load_address>
         <run_address>0x84000</run_address>
         <size>0x14</size>
         <input_file_ref idref="fl-2"/>
      </object_component>
      <object_component id="oc-e7">
         <name>.text:SCI_isBaseValid</name>
         <load_address>0x84014</load_address>
         <run_address>0x84014</run_address>
         <size>0x10</size>
         <input_file_ref idref="fl-e"/>
      </object_component>
      <object_component id="oc-108">
         <name>.text:SCI_isBaseValid</name>
         <load_address>0x84024</load_address>
         <run_address>0x84024</run_address>
         <size>0x10</size>
         <input_file_ref idref="fl-2"/>
      </object_component>
      <object_component id="oc-323">
         <name>.text</name>
         <load_address>0x84034</load_address>
         <run_address>0x84034</run_address>
         <size>0x10</size>
         <input_file_ref idref="fl-3e"/>
      </object_component>
      <object_component id="oc-c1">
         <name>.text:Interrupt_register</name>
         <load_address>0x84044</load_address>
         <run_address>0x84044</run_address>
         <size>0xf</size>
         <input_file_ref idref="fl-2"/>
      </object_component>
      <object_component id="oc-24a">
         <name>.text:Interrupt_defaultHandler</name>
         <load_address>0x84053</load_address>
         <run_address>0x84053</run_address>
         <size>0xe</size>
         <input_file_ref idref="fl-d"/>
      </object_component>
      <object_component id="oc-38d">
         <name>.text</name>
         <load_address>0x84061</load_address>
         <run_address>0x84061</run_address>
         <size>0xe</size>
         <input_file_ref idref="fl-30"/>
      </object_component>
      <object_component id="oc-142">
         <name>.text:Interrupt_disableMaster</name>
         <load_address>0x8406f</load_address>
         <run_address>0x8406f</run_address>
         <size>0xd</size>
         <input_file_ref idref="fl-d"/>
      </object_component>
      <object_component id="oc-148">
         <name>.text:Interrupt_enableMaster</name>
         <load_address>0x8407c</load_address>
         <run_address>0x8407c</run_address>
         <size>0xd</size>
         <input_file_ref idref="fl-d"/>
      </object_component>
      <object_component id="oc-43">
         <name>.text:decompress:ZI:__TI_zero_init_nomemset</name>
         <load_address>0x84089</load_address>
         <run_address>0x84089</run_address>
         <size>0xd</size>
         <input_file_ref idref="fl-21"/>
      </object_component>
      <object_component id="oc-23c">
         <name>.text:SysCtl_setPLLSysClk</name>
         <load_address>0x84096</load_address>
         <run_address>0x84096</run_address>
         <size>0xc</size>
         <input_file_ref idref="fl-f"/>
      </object_component>
      <object_component id="oc-162">
         <name>.text</name>
         <load_address>0x840a2</load_address>
         <run_address>0x840a2</run_address>
         <size>0xc</size>
         <input_file_ref idref="fl-26"/>
      </object_component>
      <object_component id="oc-3a8">
         <name>.text</name>
         <load_address>0x840ae</load_address>
         <run_address>0x840ae</run_address>
         <size>0xc</size>
         <input_file_ref idref="fl-3f"/>
      </object_component>
      <object_component id="oc-125">
         <name>.text:SysCtl_isMCDClockFailureDetected</name>
         <load_address>0x840ba</load_address>
         <run_address>0x840ba</run_address>
         <size>0xb</size>
         <input_file_ref idref="fl-f"/>
      </object_component>
      <object_component id="oc-340">
         <name>.text</name>
         <load_address>0x840c5</load_address>
         <run_address>0x840c5</run_address>
         <size>0xb</size>
         <input_file_ref idref="fl-42"/>
      </object_component>
      <object_component id="oc-221">
         <name>.text</name>
         <load_address>0x840d0</load_address>
         <run_address>0x840d0</run_address>
         <size>0x9</size>
         <input_file_ref idref="fl-25"/>
      </object_component>
      <object_component id="oc-36e">
         <name>.text</name>
         <load_address>0x840d9</load_address>
         <run_address>0x840d9</run_address>
         <size>0x9</size>
         <input_file_ref idref="fl-2f"/>
      </object_component>
      <object_component id="oc-1a">
         <name>.text:decompress:none</name>
         <load_address>0x840e2</load_address>
         <run_address>0x840e2</run_address>
         <size>0x8</size>
         <input_file_ref idref="fl-22"/>
      </object_component>
      <object_component id="oc-4f">
         <name>.text</name>
         <load_address>0x840ea</load_address>
         <run_address>0x840ea</run_address>
         <size>0x8</size>
         <input_file_ref idref="fl-4"/>
      </object_component>
      <object_component id="oc-20e">
         <name>.text</name>
         <load_address>0x840f2</load_address>
         <run_address>0x840f2</run_address>
         <size>0x8</size>
         <input_file_ref idref="fl-28"/>
      </object_component>
      <object_component id="oc-300">
         <name>.text:SysCtl_resetMCD</name>
         <load_address>0x840fa</load_address>
         <run_address>0x840fa</run_address>
         <size>0x7</size>
         <input_file_ref idref="fl-f"/>
      </object_component>
      <object_component id="oc-1e9">
         <name>.text:SysCtl_resetMCD</name>
         <load_address>0x84101</load_address>
         <run_address>0x84101</run_address>
         <size>0x7</size>
         <input_file_ref idref="fl-2"/>
      </object_component>
      <object_component id="oc-ee">
         <name>.text:__error__</name>
         <load_address>0x84108</load_address>
         <run_address>0x84108</run_address>
         <size>0x7</size>
         <input_file_ref idref="fl-3"/>
      </object_component>
      <object_component id="oc-da">
         <name>.text</name>
         <load_address>0x8410f</load_address>
         <run_address>0x8410f</run_address>
         <size>0x7</size>
         <input_file_ref idref="fl-27"/>
      </object_component>
      <object_component id="oc-31d">
         <name>.text</name>
         <load_address>0x84116</load_address>
         <run_address>0x84116</run_address>
         <size>0x5</size>
         <input_file_ref idref="fl-40"/>
      </object_component>
      <object_component id="oc-250">
         <name>.text:Interrupt_nmiHandler</name>
         <load_address>0x8411b</load_address>
         <run_address>0x8411b</run_address>
         <size>0x2</size>
         <input_file_ref idref="fl-d"/>
      </object_component>
      <object_component id="oc-15b">
         <name>.text</name>
         <load_address>0x8411d</load_address>
         <run_address>0x8411d</run_address>
         <size>0x2</size>
         <input_file_ref idref="fl-1f"/>
      </object_component>
      <object_component id="oc-42e">
         <name>.cinit..data.load</name>
         <load_address>0x81578</load_address>
         <run_address>0x81578</run_address>
         <size>0x9</size>
      </object_component>
      <object_component id="oc-42b">
         <name>__TI_handler_table</name>
         <load_address>0x81582</load_address>
         <run_address>0x81582</run_address>
         <size>0x6</size>
      </object_component>
      <object_component id="oc-42d">
         <name>.cinit..bss.load</name>
         <load_address>0x81588</load_address>
         <run_address>0x81588</run_address>
         <size>0x4</size>
      </object_component>
      <object_component id="oc-42c">
         <name>__TI_cinit_table</name>
         <load_address>0x8158c</load_address>
         <run_address>0x8158c</run_address>
         <size>0x8</size>
      </object_component>
      <object_component id="oc-214">
         <name>.switch:main</name>
         <load_address>0x81548</load_address>
         <run_address>0x81548</run_address>
         <size>0x2c</size>
         <input_file_ref idref="fl-2"/>
      </object_component>
      <object_component id="oc-38">
         <name>.stack</name>
         <uninitialized>true</uninitialized>
         <run_address>0x400</run_address>
         <size>0x0</size>
         <input_file_ref idref="fl-1c"/>
      </object_component>
      <object_component id="oc-42f">
         <name>.stack</name>
         <uninitialized>true</uninitialized>
         <run_address>0x400</run_address>
         <size>0x0</size>
      </object_component>
      <object_component id="oc-218">
         <name>.bss</name>
         <uninitialized>true</uninitialized>
         <run_address>0xa010</run_address>
         <size>0x2</size>
         <input_file_ref idref="fl-2"/>
      </object_component>
      <object_component id="oc-10e">
         <name>.const:.string</name>
         <load_address>0x81000</load_address>
         <run_address>0x81000</run_address>
         <size>0x20b</size>
         <input_file_ref idref="fl-2"/>
      </object_component>
      <object_component id="oc-35b">
         <name>.const:.string:_ctypes_</name>
         <load_address>0x8120b</load_address>
         <run_address>0x8120b</run_address>
         <size>0x101</size>
         <input_file_ref idref="fl-3d"/>
      </object_component>
      <object_component id="oc-235">
         <name>.const:.string</name>
         <load_address>0x8130c</load_address>
         <run_address>0x8130c</run_address>
         <size>0x9a</size>
         <input_file_ref idref="fl-f"/>
      </object_component>
      <object_component id="oc-120">
         <name>.const:.string</name>
         <load_address>0x813a6</load_address>
         <run_address>0x813a6</run_address>
         <size>0x98</size>
         <input_file_ref idref="fl-c"/>
      </object_component>
      <object_component id="oc-ed">
         <name>.const:.string</name>
         <load_address>0x8143e</load_address>
         <run_address>0x8143e</run_address>
         <size>0x97</size>
         <input_file_ref idref="fl-e"/>
      </object_component>
      <object_component id="oc-31c">
         <name>.const:.string</name>
         <load_address>0x814d6</load_address>
         <run_address>0x814d6</run_address>
         <size>0x26</size>
         <input_file_ref idref="fl-29"/>
      </object_component>
      <object_component id="oc-368">
         <name>.const</name>
         <load_address>0x814fc</load_address>
         <run_address>0x814fc</run_address>
         <size>0x1c</size>
         <input_file_ref idref="fl-29"/>
      </object_component>
      <object_component id="oc-3da">
         <name>.const</name>
         <load_address>0x81518</load_address>
         <run_address>0x81518</run_address>
         <size>0x1c</size>
         <input_file_ref idref="fl-2b"/>
      </object_component>
      <object_component id="oc-3d5">
         <name>.const</name>
         <load_address>0x81534</load_address>
         <run_address>0x81534</run_address>
         <size>0x8</size>
         <input_file_ref idref="fl-2a"/>
      </object_component>
      <object_component id="oc-215">
         <name>.data</name>
         <load_address>0xa006</load_address>
         <run_address>0xa006</run_address>
         <size>0x5</size>
         <input_file_ref idref="fl-2"/>
      </object_component>
      <object_component id="oc-1c6">
         <name>.data</name>
         <load_address>0xa000</load_address>
         <run_address>0xa000</run_address>
         <size>0x6</size>
         <input_file_ref idref="fl-24"/>
      </object_component>
      <object_component id="oc-1c9">
         <name>.data:_lock</name>
         <load_address>0xa00c</load_address>
         <run_address>0xa00c</run_address>
         <size>0x2</size>
         <input_file_ref idref="fl-25"/>
      </object_component>
      <object_component id="oc-26d">
         <name>.data:_unlock</name>
         <load_address>0xa00e</load_address>
         <run_address>0xa00e</run_address>
         <size>0x2</size>
         <input_file_ref idref="fl-25"/>
      </object_component>
      <object_component id="oc-346">
         <name>.data</name>
         <load_address>0xa00b</load_address>
         <run_address>0xa00b</run_address>
         <size>0x1</size>
         <input_file_ref idref="fl-41"/>
      </object_component>
      <object_component id="oc-207">
         <name>.TI.ramfunc</name>
         <load_address>0x81540</load_address>
         <run_address>0xc000</run_address>
         <size>0x4</size>
         <input_file_ref idref="fl-f"/>
      </object_component>
      <object_component id="oc-ce">
         <name>.debug_types</name>
         <load_address>0x0</load_address>
         <run_address>0x0</run_address>
         <size>0x10ba</size>
         <input_file_ref idref="fl-2"/>
      </object_component>
      <object_component id="oc-171">
         <name>.debug_types</name>
         <load_address>0x10ba</load_address>
         <run_address>0x10ba</run_address>
         <size>0x49f</size>
         <input_file_ref idref="fl-3"/>
      </object_component>
      <object_component id="oc-119">
         <name>.debug_types</name>
         <load_address>0x1559</load_address>
         <run_address>0x1559</run_address>
         <size>0x2e8</size>
         <input_file_ref idref="fl-c"/>
      </object_component>
      <object_component id="oc-14f">
         <name>.debug_types</name>
         <load_address>0x1841</load_address>
         <run_address>0x1841</run_address>
         <size>0x70</size>
         <input_file_ref idref="fl-d"/>
      </object_component>
      <object_component id="oc-107">
         <name>.debug_types</name>
         <load_address>0x0</load_address>
         <run_address>0x0</run_address>
         <size>0x0</size>
         <input_file_ref idref="fl-e"/>
      </object_component>
      <object_component id="oc-12c">
         <name>.debug_types</name>
         <load_address>0x18b1</load_address>
         <run_address>0x18b1</run_address>
         <size>0x716</size>
         <input_file_ref idref="fl-f"/>
      </object_component>
      <object_component id="oc-266">
         <name>.debug_types</name>
         <load_address>0x1fc7</load_address>
         <run_address>0x1fc7</run_address>
         <size>0x28e</size>
         <input_file_ref idref="fl-1b"/>
      </object_component>
      <object_component id="oc-d4">
         <name>.debug_types</name>
         <load_address>0x2255</load_address>
         <run_address>0x2255</run_address>
         <size>0x89</size>
         <input_file_ref idref="fl-1e"/>
      </object_component>
      <object_component id="oc-18d">
         <name>.debug_types</name>
         <load_address>0x0</load_address>
         <run_address>0x0</run_address>
         <size>0x0</size>
         <input_file_ref idref="fl-1f"/>
      </object_component>
      <object_component id="oc-1db">
         <name>.debug_types</name>
         <load_address>0x22de</load_address>
         <run_address>0x22de</run_address>
         <size>0x412</size>
         <input_file_ref idref="fl-20"/>
      </object_component>
      <object_component id="oc-d9">
         <name>.debug_types</name>
         <load_address>0x26f0</load_address>
         <run_address>0x26f0</run_address>
         <size>0x194</size>
         <input_file_ref idref="fl-21"/>
      </object_component>
      <object_component id="oc-42">
         <name>.debug_types</name>
         <load_address>0x0</load_address>
         <run_address>0x0</run_address>
         <size>0x0</size>
         <input_file_ref idref="fl-22"/>
      </object_component>
      <object_component id="oc-3a">
         <name>.debug_types</name>
         <load_address>0x2884</load_address>
         <run_address>0x2884</run_address>
         <size>0x191</size>
         <input_file_ref idref="fl-23"/>
      </object_component>
      <object_component id="oc-1cd">
         <name>.debug_types</name>
         <load_address>0x2a15</load_address>
         <run_address>0x2a15</run_address>
         <size>0x90</size>
         <input_file_ref idref="fl-24"/>
      </object_component>
      <object_component id="oc-229">
         <name>.debug_types</name>
         <load_address>0x2aa5</load_address>
         <run_address>0x2aa5</run_address>
         <size>0x2f</size>
         <input_file_ref idref="fl-25"/>
      </object_component>
      <object_component id="oc-1c5">
         <name>.debug_types</name>
         <load_address>0x2ad4</load_address>
         <run_address>0x2ad4</run_address>
         <size>0xb6</size>
         <input_file_ref idref="fl-26"/>
      </object_component>
      <object_component id="oc-15a">
         <name>.debug_types</name>
         <load_address>0x0</load_address>
         <run_address>0x0</run_address>
         <size>0x0</size>
         <input_file_ref idref="fl-27"/>
      </object_component>
      <object_component id="oc-268">
         <name>.debug_types</name>
         <load_address>0x0</load_address>
         <run_address>0x0</run_address>
         <size>0x0</size>
         <input_file_ref idref="fl-28"/>
      </object_component>
      <object_component id="oc-32a">
         <name>.debug_types</name>
         <load_address>0x2b8a</load_address>
         <run_address>0x2b8a</run_address>
         <size>0x96d</size>
         <input_file_ref idref="fl-29"/>
      </object_component>
      <object_component id="oc-3d9">
         <name>.debug_types</name>
         <load_address>0x34f7</load_address>
         <run_address>0x34f7</run_address>
         <size>0x9b</size>
         <input_file_ref idref="fl-2a"/>
      </object_component>
      <object_component id="oc-3e4">
         <name>.debug_types</name>
         <load_address>0x0</load_address>
         <run_address>0x0</run_address>
         <size>0x0</size>
         <input_file_ref idref="fl-2b"/>
      </object_component>
      <object_component id="oc-22e">
         <name>.debug_types</name>
         <load_address>0x0</load_address>
         <run_address>0x0</run_address>
         <size>0x0</size>
         <input_file_ref idref="fl-3a"/>
      </object_component>
      <object_component id="oc-3cc">
         <name>.debug_types</name>
         <load_address>0x3592</load_address>
         <run_address>0x3592</run_address>
         <size>0x61</size>
         <input_file_ref idref="fl-3b"/>
      </object_component>
      <object_component id="oc-35f">
         <name>.debug_types</name>
         <load_address>0x35f3</load_address>
         <run_address>0x35f3</run_address>
         <size>0x34</size>
         <input_file_ref idref="fl-3c"/>
      </object_component>
      <object_component id="oc-3b7">
         <name>.debug_types</name>
         <load_address>0x0</load_address>
         <run_address>0x0</run_address>
         <size>0x0</size>
         <input_file_ref idref="fl-3d"/>
      </object_component>
      <object_component id="oc-357">
         <name>.debug_types</name>
         <load_address>0x0</load_address>
         <run_address>0x0</run_address>
         <size>0x0</size>
         <input_file_ref idref="fl-3e"/>
      </object_component>
      <object_component id="oc-3e7">
         <name>.debug_types</name>
         <load_address>0x0</load_address>
         <run_address>0x0</run_address>
         <size>0x0</size>
         <input_file_ref idref="fl-3f"/>
      </object_component>
      <object_component id="oc-355">
         <name>.debug_types</name>
         <load_address>0x3627</load_address>
         <run_address>0x3627</run_address>
         <size>0x34</size>
         <input_file_ref idref="fl-40"/>
      </object_component>
      <object_component id="oc-367">
         <name>.debug_types</name>
         <load_address>0x0</load_address>
         <run_address>0x0</run_address>
         <size>0x0</size>
         <input_file_ref idref="fl-41"/>
      </object_component>
      <object_component id="oc-364">
         <name>.debug_types</name>
         <load_address>0x365b</load_address>
         <run_address>0x365b</run_address>
         <size>0x160</size>
         <input_file_ref idref="fl-42"/>
      </object_component>
      <object_component id="oc-3f8">
         <name>.debug_types</name>
         <load_address>0x0</load_address>
         <run_address>0x0</run_address>
         <size>0x0</size>
         <input_file_ref idref="fl-43"/>
      </object_component>
      <object_component id="oc-216">
         <name>.debug_info</name>
         <load_address>0x0</load_address>
         <run_address>0x0</run_address>
         <size>0x179</size>
         <input_file_ref idref="fl-2"/>
      </object_component>
      <object_component id="oc-219">
         <name>.debug_info</name>
         <load_address>0x179</load_address>
         <run_address>0x179</run_address>
         <size>0xd7</size>
         <input_file_ref idref="fl-2"/>
      </object_component>
      <object_component id="oc-c2">
         <name>.debug_info</name>
         <load_address>0x250</load_address>
         <run_address>0x250</run_address>
         <size>0x1bb</size>
         <input_file_ref idref="fl-2"/>
      </object_component>
      <object_component id="oc-68">
         <name>.debug_info</name>
         <load_address>0x40b</load_address>
         <run_address>0x40b</run_address>
         <size>0x1a7</size>
         <input_file_ref idref="fl-2"/>
      </object_component>
      <object_component id="oc-1ea">
         <name>.debug_info</name>
         <load_address>0x5b2</load_address>
         <run_address>0x5b2</run_address>
         <size>0x140</size>
         <input_file_ref idref="fl-2"/>
      </object_component>
      <object_component id="oc-109">
         <name>.debug_info</name>
         <load_address>0x6f2</load_address>
         <run_address>0x6f2</run_address>
         <size>0x164</size>
         <input_file_ref idref="fl-2"/>
      </object_component>
      <object_component id="oc-bc">
         <name>.debug_info</name>
         <load_address>0x856</load_address>
         <run_address>0x856</run_address>
         <size>0x1e4</size>
         <input_file_ref idref="fl-2"/>
      </object_component>
      <object_component id="oc-b0">
         <name>.debug_info</name>
         <load_address>0xa3a</load_address>
         <run_address>0xa3a</run_address>
         <size>0x184</size>
         <input_file_ref idref="fl-2"/>
      </object_component>
      <object_component id="oc-aa">
         <name>.debug_info</name>
         <load_address>0xbbe</load_address>
         <run_address>0xbbe</run_address>
         <size>0x180</size>
         <input_file_ref idref="fl-2"/>
      </object_component>
      <object_component id="oc-9e">
         <name>.debug_info</name>
         <load_address>0xd3e</load_address>
         <run_address>0xd3e</run_address>
         <size>0x182</size>
         <input_file_ref idref="fl-2"/>
      </object_component>
      <object_component id="oc-a4">
         <name>.debug_info</name>
         <load_address>0xec0</load_address>
         <run_address>0xec0</run_address>
         <size>0x182</size>
         <input_file_ref idref="fl-2"/>
      </object_component>
      <object_component id="oc-98">
         <name>.debug_info</name>
         <load_address>0x1042</load_address>
         <run_address>0x1042</run_address>
         <size>0x186</size>
         <input_file_ref idref="fl-2"/>
      </object_component>
      <object_component id="oc-86">
         <name>.debug_info</name>
         <load_address>0x11c8</load_address>
         <run_address>0x11c8</run_address>
         <size>0x194</size>
         <input_file_ref idref="fl-2"/>
      </object_component>
      <object_component id="oc-5c">
         <name>.debug_info</name>
         <load_address>0x135c</load_address>
         <run_address>0x135c</run_address>
         <size>0x192</size>
         <input_file_ref idref="fl-2"/>
      </object_component>
      <object_component id="oc-1bf">
         <name>.debug_info</name>
         <load_address>0x14ee</load_address>
         <run_address>0x14ee</run_address>
         <size>0x2ea</size>
         <input_file_ref idref="fl-2"/>
      </object_component>
      <object_component id="oc-202">
         <name>.debug_info</name>
         <load_address>0x17d8</load_address>
         <run_address>0x17d8</run_address>
         <size>0x1ec</size>
         <input_file_ref idref="fl-2"/>
      </object_component>
      <object_component id="oc-2e">
         <name>.debug_info</name>
         <load_address>0x19c4</load_address>
         <run_address>0x19c4</run_address>
         <size>0x340</size>
         <input_file_ref idref="fl-2"/>
      </object_component>
      <object_component id="oc-33">
         <name>.debug_info</name>
         <load_address>0x1d04</load_address>
         <run_address>0x1d04</run_address>
         <size>0x161</size>
         <input_file_ref idref="fl-2"/>
      </object_component>
      <object_component id="oc-ef">
         <name>.debug_info</name>
         <load_address>0x1e65</load_address>
         <run_address>0x1e65</run_address>
         <size>0x150</size>
         <input_file_ref idref="fl-3"/>
      </object_component>
      <object_component id="oc-23">
         <name>.debug_info</name>
         <load_address>0x1fb5</load_address>
         <run_address>0x1fb5</run_address>
         <size>0x103</size>
         <input_file_ref idref="fl-4"/>
      </object_component>
      <object_component id="oc-51">
         <name>.debug_info</name>
         <load_address>0x20b8</load_address>
         <run_address>0x20b8</run_address>
         <size>0x104</size>
         <input_file_ref idref="fl-4"/>
      </object_component>
      <object_component id="oc-11e">
         <name>.debug_info</name>
         <load_address>0x21bc</load_address>
         <run_address>0x21bc</run_address>
         <size>0x1ca</size>
         <input_file_ref idref="fl-c"/>
      </object_component>
      <object_component id="oc-77">
         <name>.debug_info</name>
         <load_address>0x2386</load_address>
         <run_address>0x2386</run_address>
         <size>0x242</size>
         <input_file_ref idref="fl-c"/>
      </object_component>
      <object_component id="oc-7d">
         <name>.debug_info</name>
         <load_address>0x25c8</load_address>
         <run_address>0x25c8</run_address>
         <size>0x22b</size>
         <input_file_ref idref="fl-c"/>
      </object_component>
      <object_component id="oc-83">
         <name>.debug_info</name>
         <load_address>0x27f3</load_address>
         <run_address>0x27f3</run_address>
         <size>0x273</size>
         <input_file_ref idref="fl-c"/>
      </object_component>
      <object_component id="oc-70">
         <name>.debug_info</name>
         <load_address>0x2a66</load_address>
         <run_address>0x2a66</run_address>
         <size>0x214</size>
         <input_file_ref idref="fl-c"/>
      </object_component>
      <object_component id="oc-14a">
         <name>.debug_info</name>
         <load_address>0x2c7a</load_address>
         <run_address>0x2c7a</run_address>
         <size>0x1c3</size>
         <input_file_ref idref="fl-d"/>
      </object_component>
      <object_component id="oc-144">
         <name>.debug_info</name>
         <load_address>0x2e3d</load_address>
         <run_address>0x2e3d</run_address>
         <size>0x1c7</size>
         <input_file_ref idref="fl-d"/>
      </object_component>
      <object_component id="oc-24b">
         <name>.debug_info</name>
         <load_address>0x3004</load_address>
         <run_address>0x3004</run_address>
         <size>0x1e1</size>
         <input_file_ref idref="fl-d"/>
      </object_component>
      <object_component id="oc-257">
         <name>.debug_info</name>
         <load_address>0x31e5</load_address>
         <run_address>0x31e5</run_address>
         <size>0x1c7</size>
         <input_file_ref idref="fl-d"/>
      </object_component>
      <object_component id="oc-252">
         <name>.debug_info</name>
         <load_address>0x33ac</load_address>
         <run_address>0x33ac</run_address>
         <size>0x1ad</size>
         <input_file_ref idref="fl-d"/>
      </object_component>
      <object_component id="oc-1f6">
         <name>.debug_info</name>
         <load_address>0x3559</load_address>
         <run_address>0x3559</run_address>
         <size>0x1d4</size>
         <input_file_ref idref="fl-d"/>
      </object_component>
      <object_component id="oc-1fc">
         <name>.debug_info</name>
         <load_address>0x372d</load_address>
         <run_address>0x372d</run_address>
         <size>0x1cf</size>
         <input_file_ref idref="fl-d"/>
      </object_component>
      <object_component id="oc-c8">
         <name>.debug_info</name>
         <load_address>0x38fc</load_address>
         <run_address>0x38fc</run_address>
         <size>0x277</size>
         <input_file_ref idref="fl-d"/>
      </object_component>
      <object_component id="oc-e9">
         <name>.debug_info</name>
         <load_address>0x3b73</load_address>
         <run_address>0x3b73</run_address>
         <size>0x1ca</size>
         <input_file_ref idref="fl-e"/>
      </object_component>
      <object_component id="oc-134">
         <name>.debug_info</name>
         <load_address>0x3d3d</load_address>
         <run_address>0x3d3d</run_address>
         <size>0x1ea</size>
         <input_file_ref idref="fl-e"/>
      </object_component>
      <object_component id="oc-12f">
         <name>.debug_info</name>
         <load_address>0x3f27</load_address>
         <run_address>0x3f27</run_address>
         <size>0x1ec</size>
         <input_file_ref idref="fl-e"/>
      </object_component>
      <object_component id="oc-f7">
         <name>.debug_info</name>
         <load_address>0x4113</load_address>
         <run_address>0x4113</run_address>
         <size>0x1f4</size>
         <input_file_ref idref="fl-e"/>
      </object_component>
      <object_component id="oc-102">
         <name>.debug_info</name>
         <load_address>0x4307</load_address>
         <run_address>0x4307</run_address>
         <size>0x206</size>
         <input_file_ref idref="fl-e"/>
      </object_component>
      <object_component id="oc-2da">
         <name>.debug_info</name>
         <load_address>0x450d</load_address>
         <run_address>0x450d</run_address>
         <size>0x208</size>
         <input_file_ref idref="fl-e"/>
      </object_component>
      <object_component id="oc-2d4">
         <name>.debug_info</name>
         <load_address>0x4715</load_address>
         <run_address>0x4715</run_address>
         <size>0x1f8</size>
         <input_file_ref idref="fl-e"/>
      </object_component>
      <object_component id="oc-fc">
         <name>.debug_info</name>
         <load_address>0x490d</load_address>
         <run_address>0x490d</run_address>
         <size>0x1f8</size>
         <input_file_ref idref="fl-e"/>
      </object_component>
      <object_component id="oc-113">
         <name>.debug_info</name>
         <load_address>0x4b05</load_address>
         <run_address>0x4b05</run_address>
         <size>0x1fa</size>
         <input_file_ref idref="fl-e"/>
      </object_component>
      <object_component id="oc-92">
         <name>.debug_info</name>
         <load_address>0x4cff</load_address>
         <run_address>0x4cff</run_address>
         <size>0x27a</size>
         <input_file_ref idref="fl-e"/>
      </object_component>
      <object_component id="oc-25f">
         <name>.debug_info</name>
         <load_address>0x4f79</load_address>
         <run_address>0x4f79</run_address>
         <size>0x293</size>
         <input_file_ref idref="fl-e"/>
      </object_component>
      <object_component id="oc-57">
         <name>.debug_info</name>
         <load_address>0x520c</load_address>
         <run_address>0x520c</run_address>
         <size>0x290</size>
         <input_file_ref idref="fl-e"/>
      </object_component>
      <object_component id="oc-b8">
         <name>.debug_info</name>
         <load_address>0x549c</load_address>
         <run_address>0x549c</run_address>
         <size>0x203</size>
         <input_file_ref idref="fl-e"/>
      </object_component>
      <object_component id="oc-62">
         <name>.debug_info</name>
         <load_address>0x569f</load_address>
         <run_address>0x569f</run_address>
         <size>0x22d</size>
         <input_file_ref idref="fl-e"/>
      </object_component>
      <object_component id="oc-28f">
         <name>.debug_info</name>
         <load_address>0x58cc</load_address>
         <run_address>0x58cc</run_address>
         <size>0x210</size>
         <input_file_ref idref="fl-f"/>
      </object_component>
      <object_component id="oc-126">
         <name>.debug_info</name>
         <load_address>0x5adc</load_address>
         <run_address>0x5adc</run_address>
         <size>0x1d3</size>
         <input_file_ref idref="fl-f"/>
      </object_component>
      <object_component id="oc-302">
         <name>.debug_info</name>
         <load_address>0x5caf</load_address>
         <run_address>0x5caf</run_address>
         <size>0x1a9</size>
         <input_file_ref idref="fl-f"/>
      </object_component>
      <object_component id="oc-23d">
         <name>.debug_info</name>
         <load_address>0x5e58</load_address>
         <run_address>0x5e58</run_address>
         <size>0x1d8</size>
         <input_file_ref idref="fl-f"/>
      </object_component>
      <object_component id="oc-30c">
         <name>.debug_info</name>
         <load_address>0x6030</load_address>
         <run_address>0x6030</run_address>
         <size>0x1cd</size>
         <input_file_ref idref="fl-f"/>
      </object_component>
      <object_component id="oc-2cb">
         <name>.debug_info</name>
         <load_address>0x61fd</load_address>
         <run_address>0x61fd</run_address>
         <size>0x1eb</size>
         <input_file_ref idref="fl-f"/>
      </object_component>
      <object_component id="oc-2a0">
         <name>.debug_info</name>
         <load_address>0x63e8</load_address>
         <run_address>0x63e8</run_address>
         <size>0x1ed</size>
         <input_file_ref idref="fl-f"/>
      </object_component>
      <object_component id="oc-2a6">
         <name>.debug_info</name>
         <load_address>0x65d5</load_address>
         <run_address>0x65d5</run_address>
         <size>0x1f9</size>
         <input_file_ref idref="fl-f"/>
      </object_component>
      <object_component id="oc-2ac">
         <name>.debug_info</name>
         <load_address>0x67ce</load_address>
         <run_address>0x67ce</run_address>
         <size>0x1f7</size>
         <input_file_ref idref="fl-f"/>
      </object_component>
      <object_component id="oc-2c4">
         <name>.debug_info</name>
         <load_address>0x69c5</load_address>
         <run_address>0x69c5</run_address>
         <size>0x21e</size>
         <input_file_ref idref="fl-f"/>
      </object_component>
      <object_component id="oc-294">
         <name>.debug_info</name>
         <load_address>0x6be3</load_address>
         <run_address>0x6be3</run_address>
         <size>0x1f1</size>
         <input_file_ref idref="fl-f"/>
      </object_component>
      <object_component id="oc-29a">
         <name>.debug_info</name>
         <load_address>0x6dd4</load_address>
         <run_address>0x6dd4</run_address>
         <size>0x1ef</size>
         <input_file_ref idref="fl-f"/>
      </object_component>
      <object_component id="oc-2b8">
         <name>.debug_info</name>
         <load_address>0x6fc3</load_address>
         <run_address>0x6fc3</run_address>
         <size>0x222</size>
         <input_file_ref idref="fl-f"/>
      </object_component>
      <object_component id="oc-2b3">
         <name>.debug_info</name>
         <load_address>0x71e5</load_address>
         <run_address>0x71e5</run_address>
         <size>0x222</size>
         <input_file_ref idref="fl-f"/>
      </object_component>
      <object_component id="oc-2be">
         <name>.debug_info</name>
         <load_address>0x7407</load_address>
         <run_address>0x7407</run_address>
         <size>0x291</size>
         <input_file_ref idref="fl-f"/>
      </object_component>
      <object_component id="oc-2fb">
         <name>.debug_info</name>
         <load_address>0x7698</load_address>
         <run_address>0x7698</run_address>
         <size>0x1d9</size>
         <input_file_ref idref="fl-f"/>
      </object_component>
      <object_component id="oc-8c">
         <name>.debug_info</name>
         <load_address>0x7871</load_address>
         <run_address>0x7871</run_address>
         <size>0x23c</size>
         <input_file_ref idref="fl-f"/>
      </object_component>
      <object_component id="oc-1f1">
         <name>.debug_info</name>
         <load_address>0x7aad</load_address>
         <run_address>0x7aad</run_address>
         <size>0x3a0</size>
         <input_file_ref idref="fl-f"/>
      </object_component>
      <object_component id="oc-27c">
         <name>.debug_info</name>
         <load_address>0x7e4d</load_address>
         <run_address>0x7e4d</run_address>
         <size>0x21c</size>
         <input_file_ref idref="fl-f"/>
      </object_component>
      <object_component id="oc-282">
         <name>.debug_info</name>
         <load_address>0x8069</load_address>
         <run_address>0x8069</run_address>
         <size>0x203</size>
         <input_file_ref idref="fl-f"/>
      </object_component>
      <object_component id="oc-238">
         <name>.debug_info</name>
         <load_address>0x826c</load_address>
         <run_address>0x826c</run_address>
         <size>0x22a</size>
         <input_file_ref idref="fl-f"/>
      </object_component>
      <object_component id="oc-243">
         <name>.debug_info</name>
         <load_address>0x8496</load_address>
         <run_address>0x8496</run_address>
         <size>0x48d</size>
         <input_file_ref idref="fl-f"/>
      </object_component>
      <object_component id="oc-20b">
         <name>.debug_info</name>
         <load_address>0x8923</load_address>
         <run_address>0x8923</run_address>
         <size>0x2c9</size>
         <input_file_ref idref="fl-1b"/>
      </object_component>
      <object_component id="oc-e4">
         <name>.debug_info</name>
         <load_address>0x8bec</load_address>
         <run_address>0x8bec</run_address>
         <size>0x158</size>
         <input_file_ref idref="fl-1c"/>
      </object_component>
      <object_component id="oc-289">
         <name>.debug_info</name>
         <load_address>0x8d44</load_address>
         <run_address>0x8d44</run_address>
         <size>0x127</size>
         <input_file_ref idref="fl-1d"/>
      </object_component>
      <object_component id="oc-3c">
         <name>.debug_info</name>
         <load_address>0x8e6b</load_address>
         <run_address>0x8e6b</run_address>
         <size>0x19b</size>
         <input_file_ref idref="fl-1e"/>
      </object_component>
      <object_component id="oc-15e">
         <name>.debug_info</name>
         <load_address>0x9006</load_address>
         <run_address>0x9006</run_address>
         <size>0x14d</size>
         <input_file_ref idref="fl-1f"/>
      </object_component>
      <object_component id="oc-192">
         <name>.debug_info</name>
         <load_address>0x9153</load_address>
         <run_address>0x9153</run_address>
         <size>0x1bf</size>
         <input_file_ref idref="fl-20"/>
      </object_component>
      <object_component id="oc-45">
         <name>.debug_info</name>
         <load_address>0x9312</load_address>
         <run_address>0x9312</run_address>
         <size>0x1b6</size>
         <input_file_ref idref="fl-21"/>
      </object_component>
      <object_component id="oc-1b">
         <name>.debug_info</name>
         <load_address>0x94c8</load_address>
         <run_address>0x94c8</run_address>
         <size>0x1b7</size>
         <input_file_ref idref="fl-22"/>
      </object_component>
      <object_component id="oc-17">
         <name>.debug_info</name>
         <load_address>0x967f</load_address>
         <run_address>0x967f</run_address>
         <size>0x20c</size>
         <input_file_ref idref="fl-23"/>
      </object_component>
      <object_component id="oc-1c7">
         <name>.debug_info</name>
         <load_address>0x988b</load_address>
         <run_address>0x988b</run_address>
         <size>0x19e</size>
         <input_file_ref idref="fl-24"/>
      </object_component>
      <object_component id="oc-16c">
         <name>.debug_info</name>
         <load_address>0x9a29</load_address>
         <run_address>0x9a29</run_address>
         <size>0x1a9</size>
         <input_file_ref idref="fl-24"/>
      </object_component>
      <object_component id="oc-1ca">
         <name>.debug_info</name>
         <load_address>0x9bd2</load_address>
         <run_address>0x9bd2</run_address>
         <size>0x107</size>
         <input_file_ref idref="fl-25"/>
      </object_component>
      <object_component id="oc-26e">
         <name>.debug_info</name>
         <load_address>0x9cd9</load_address>
         <run_address>0x9cd9</run_address>
         <size>0x10b</size>
         <input_file_ref idref="fl-25"/>
      </object_component>
      <object_component id="oc-222">
         <name>.debug_info</name>
         <load_address>0x9de4</load_address>
         <run_address>0x9de4</run_address>
         <size>0x203</size>
         <input_file_ref idref="fl-25"/>
      </object_component>
      <object_component id="oc-165">
         <name>.debug_info</name>
         <load_address>0x9fe7</load_address>
         <run_address>0x9fe7</run_address>
         <size>0x15d</size>
         <input_file_ref idref="fl-26"/>
      </object_component>
      <object_component id="oc-dd">
         <name>.debug_info</name>
         <load_address>0xa144</load_address>
         <run_address>0xa144</run_address>
         <size>0x208</size>
         <input_file_ref idref="fl-27"/>
      </object_component>
      <object_component id="oc-211">
         <name>.debug_info</name>
         <load_address>0xa34c</load_address>
         <run_address>0xa34c</run_address>
         <size>0x1c7</size>
         <input_file_ref idref="fl-28"/>
      </object_component>
      <object_component id="oc-2ee">
         <name>.debug_info</name>
         <load_address>0xa513</load_address>
         <run_address>0xa513</run_address>
         <size>0xd2a</size>
         <input_file_ref idref="fl-29"/>
      </object_component>
      <object_component id="oc-34d">
         <name>.debug_info</name>
         <load_address>0xb23d</load_address>
         <run_address>0xb23d</run_address>
         <size>0x137d</size>
         <input_file_ref idref="fl-29"/>
      </object_component>
      <object_component id="oc-3d6">
         <name>.debug_info</name>
         <load_address>0xc5ba</load_address>
         <run_address>0xc5ba</run_address>
         <size>0x109</size>
         <input_file_ref idref="fl-2a"/>
      </object_component>
      <object_component id="oc-399">
         <name>.debug_info</name>
         <load_address>0xc6c3</load_address>
         <run_address>0xc6c3</run_address>
         <size>0x1cf</size>
         <input_file_ref idref="fl-2a"/>
      </object_component>
      <object_component id="oc-3db">
         <name>.debug_info</name>
         <load_address>0xc892</load_address>
         <run_address>0xc892</run_address>
         <size>0x146</size>
         <input_file_ref idref="fl-2b"/>
      </object_component>
      <object_component id="oc-39e">
         <name>.debug_info</name>
         <load_address>0xc9d8</load_address>
         <run_address>0xc9d8</run_address>
         <size>0x208</size>
         <input_file_ref idref="fl-2b"/>
      </object_component>
      <object_component id="oc-3d1">
         <name>.debug_info</name>
         <load_address>0xcbe0</load_address>
         <run_address>0xcbe0</run_address>
         <size>0x127</size>
         <input_file_ref idref="fl-2c"/>
      </object_component>
      <object_component id="oc-36c">
         <name>.debug_info</name>
         <load_address>0xcd07</load_address>
         <run_address>0xcd07</run_address>
         <size>0x131</size>
         <input_file_ref idref="fl-2d"/>
      </object_component>
      <object_component id="oc-379">
         <name>.debug_info</name>
         <load_address>0xce38</load_address>
         <run_address>0xce38</run_address>
         <size>0x127</size>
         <input_file_ref idref="fl-2e"/>
      </object_component>
      <object_component id="oc-370">
         <name>.debug_info</name>
         <load_address>0xcf5f</load_address>
         <run_address>0xcf5f</run_address>
         <size>0x127</size>
         <input_file_ref idref="fl-2f"/>
      </object_component>
      <object_component id="oc-38e">
         <name>.debug_info</name>
         <load_address>0xd086</load_address>
         <run_address>0xd086</run_address>
         <size>0x13b</size>
         <input_file_ref idref="fl-30"/>
      </object_component>
      <object_component id="oc-393">
         <name>.debug_info</name>
         <load_address>0xd1c1</load_address>
         <run_address>0xd1c1</run_address>
         <size>0x127</size>
         <input_file_ref idref="fl-31"/>
      </object_component>
      <object_component id="oc-37e">
         <name>.debug_info</name>
         <load_address>0xd2e8</load_address>
         <run_address>0xd2e8</run_address>
         <size>0x127</size>
         <input_file_ref idref="fl-32"/>
      </object_component>
      <object_component id="oc-33c">
         <name>.debug_info</name>
         <load_address>0xd40f</load_address>
         <run_address>0xd40f</run_address>
[...]
         <used_space>0x0</used_space>
         <unused_space>0x1000</unused_space>
         <attributes>RWIX</attributes>
         <usage_details>
         </usage_details>
      </memory_area>
      <memory_area display="yes" color="green">
         <name>FLASH_BANK0_SEC15</name>
         <page_id>0x0</page_id>
         <origin>0x8f000</origin>
         <length>0xff0</length>
         <used_space>0x0</used_space>
         <unused_space>0xff0</unused_space>
         <attributes>RWIX</attributes>
         <usage_details>
         </usage_details>
      </memory_area>
      <memory_area display="yes" color="green">
         <name>BOOTROM</name>
         <page_id>0x0</page_id>
         <origin>0x3f0000</origin>
         <length>0x8000</length>
         <used_space>0x0</used_space>
         <unused_space>0x8000</unused_space>
         <attributes>RWIX</attributes>
         <usage_details>
         </usage_details>
      </memory_area>
      <memory_area display="yes" color="green">
         <name>BOOTROM_EXT</name>
         <page_id>0x0</page_id>
         <origin>0x3f8000</origin>
         <length>0x7fc0</length>
         <used_space>0x0</used_space>
         <unused_space>0x7fc0</unused_space>
         <attributes>RWIX</attributes>
         <usage_details>
         </usage_details>
      </memory_area>
      <memory_area display="no" color="green">
         <name>RESET</name>
         <page_id>0x0</page_id>
         <origin>0x3fffc0</origin>
         <length>0x2</length>
         <used_space>0x0</used_space>
         <unused_space>0x2</unused_space>
         <attributes>RWIX</attributes>
         <usage_details>
         </usage_details>
      </memory_area>
   </placement_map>
   <cptbl_list>
      <cptbl>
         <name>__TI_cinit_table</name>
         <cprec>
            <name>.data</name>
            <load_address>0x81578</load_address>
            <load_size>0x9</load_size>
            <run_address>0xa000</run_address>
            <run_size>0x10</run_size>
            <compression>lzss</compression>
         </cprec>
         <cprec>
            <name>.bss</name>
            <load_address>0x81588</load_address>
            <load_size>0x4</load_size>
            <run_address>0xa010</run_address>
            <run_size>0x2</run_size>
            <compression>zero_init</compression>
         </cprec>
      </cptbl>
   </cptbl_list>
   <handler_table>
      <handler_table_name>__TI_handler_table</handler_table_name>
      <handler>
         <index>0x0</index>
         <name>__TI_zero_init</name>
      </handler>
      <handler>
         <index>0x1</index>
         <name>__TI_decompress_lzss</name>
      </handler>
      <handler>
         <index>0x2</index>
         <name>__TI_decompress_none</name>
      </handler>
   </handler_table>
   <symbol_table>
      <symbol id="sm-1">
         <name>RamfuncsLoadStart</name>
         <value>0x81540</value>
      </symbol>
      <symbol id="sm-2">
         <name>RamfuncsLoadSize</name>
         <value>0x4</value>
      </symbol>
      <symbol id="sm-3">
         <name>RamfuncsLoadEnd</name>
         <value>0x81544</value>
      </symbol>
      <symbol id="sm-4">
         <name>RamfuncsRunStart</name>
         <value>0xc000</value>
      </symbol>
      <symbol id="sm-5">
         <name>RamfuncsRunSize</name>
         <value>0x4</value>
      </symbol>
      <symbol id="sm-6">
         <name>RamfuncsRunEnd</name>
         <value>0xc004</value>
      </symbol>
      <symbol id="sm-7">
         <name>__TI_CINIT_Base</name>
         <value>0x8158c</value>
      </symbol>
      <symbol id="sm-8">
         <name>__TI_CINIT_Limit</name>
         <value>0x81594</value>
      </symbol>
      <symbol id="sm-9">
         <name>__TI_CINIT_Warm</name>
         <value>0x81594</value>
      </symbol>
      <symbol id="sm-a">
         <name>__TI_Handler_Table_Base</name>
         <value>0x81582</value>
      </symbol>
      <symbol id="sm-b">
         <name>__TI_Handler_Table_Limit</name>
         <value>0x81588</value>
      </symbol>
      <symbol id="sm-c">
         <name>__TI_STACK_SIZE</name>
         <value>0x200</value>
      </symbol>
      <symbol id="sm-d">
         <name>__TI_STACK_END</name>
         <value>0x600</value>
      </symbol>
      <symbol id="sm-e">
         <name>__TI_pprof_out_hndl</name>
         <value>0xffffffff</value>
      </symbol>
      <symbol id="sm-f">
         <name>__TI_prof_data_start</name>
         <value>0xffffffff</value>
      </symbol>
      <symbol id="sm-10">
         <name>__TI_prof_data_size</name>
         <value>0xffffffff</value>
      </symbol>
      <symbol id="sm-fa">
         <name>RxHandler</name>
         <value>0x83806</value>
         <object_component_ref idref="oc-2c"/>
      </symbol>
      <symbol id="sm-fb">
         <name>UartConfig</name>
         <value>0x833d4</value>
         <object_component_ref idref="oc-2d"/>
      </symbol>
      <symbol id="sm-fc">
         <name>mainFsm</name>
         <value>0xa008</value>
         <object_component_ref idref="oc-215"/>
      </symbol>
      <symbol id="sm-fd">
         <name>fsmGsmState</name>
         <value>0xa006</value>
         <object_component_ref idref="oc-215"/>
      </symbol>
      <symbol id="sm-fe">
         <name>main</name>
         <value>0x82cf3</value>
         <object_component_ref idref="oc-1be"/>
      </symbol>
      <symbol id="sm-ff">
         <name>gsmSend</name>
         <value>0x83ad7</value>
         <object_component_ref idref="oc-201"/>
      </symbol>
      <symbol id="sm-100">
         <name>flags_rx</name>
         <value>0xa007</value>
         <object_component_ref idref="oc-215"/>
      </symbol>
      <symbol id="sm-101">
         <name>contData</name>
         <value>0xa009</value>
         <object_component_ref idref="oc-215"/>
      </symbol>
      <symbol id="sm-102">
         <name>out</name>
         <value>0xa010</value>
         <object_component_ref idref="oc-218"/>
      </symbol>
      <symbol id="sm-103">
         <name>dataLenght</name>
         <value>0xa00a</value>
         <object_component_ref idref="oc-215"/>
      </symbol>
      <symbol id="sm-110">
         <name>__error__</name>
         <value>0x84108</value>
         <object_component_ref idref="oc-ee"/>
      </symbol>
      <symbol id="sm-11f">
         <name>code_start</name>
         <value>0x80000</value>
         <object_component_ref idref="oc-21"/>
      </symbol>
      <symbol id="sm-15c">
         <name>GPIO_setQualificationMode</name>
         <value>0x8393f</value>
         <object_component_ref idref="oc-7f"/>
      </symbol>
      <symbol id="sm-15d">
         <name>GPIO_setPadConfig</name>
         <value>0x8372d</value>
         <object_component_ref idref="oc-79"/>
      </symbol>
      <symbol id="sm-15e">
         <name>GPIO_setDirectionMode</name>
         <value>0x83a14</value>
         <object_component_ref idref="oc-73"/>
      </symbol>
      <symbol id="sm-15f">
         <name>GPIO_setPinConfig</name>
         <value>0x83977</value>
         <object_component_ref idref="oc-6d"/>
      </symbol>
      <symbol id="sm-1b1">
         <name>Interrupt_initModule</name>
         <value>0x838c7</value>
         <object_component_ref idref="oc-1f5"/>
      </symbol>
      <symbol id="sm-1b2">
         <name>Interrupt_enable</name>
         <value>0x839ae</value>
         <object_component_ref idref="oc-c7"/>
      </symbol>
      <symbol id="sm-1b3">
         <name>Interrupt_initVectorTable</name>
         <value>0x83d10</value>
         <object_component_ref idref="oc-1fb"/>
      </symbol>
      <symbol id="sm-252">
         <name>SCI_readCharArray</name>
         <value>0x83904</value>
         <object_component_ref idref="oc-55"/>
      </symbol>
      <symbol id="sm-253">
         <name>SCI_clearInterruptStatus</name>
         <value>0x82fb8</value>
         <object_component_ref idref="oc-61"/>
      </symbol>
      <symbol id="sm-254">
         <name>SCI_writeCharArray</name>
         <value>0x83848</value>
         <object_component_ref idref="oc-25d"/>
      </symbol>
      <symbol id="sm-255">
         <name>SCI_setConfig</name>
         <value>0x83889</value>
         <object_component_ref idref="oc-91"/>
      </symbol>
      <symbol id="sm-256">
         <name>SCI_enableInterrupt</name>
         <value>0x8377f</value>
         <object_component_ref idref="oc-b5"/>
      </symbol>
      <symbol id="sm-356">
         <name>SysCtl_isPLLValid</name>
         <value>0x8323a</value>
         <object_component_ref idref="oc-242"/>
      </symbol>
      <symbol id="sm-357">
         <name>SysCtl_delay</name>
         <value>0xc000</value>
         <object_component_ref idref="oc-207"/>
      </symbol>
      <symbol id="sm-358">
         <name>SysCtl_selectXTALSingleEnded</name>
         <value>0x83df6</value>
         <object_component_ref idref="oc-280"/>
      </symbol>
      <symbol id="sm-359">
         <name>SysCtl_selectXTAL</name>
         <value>0x83b06</value>
         <object_component_ref idref="oc-27a"/>
      </symbol>
      <symbol id="sm-35a">
         <name>SysCtl_selectOscSource</name>
         <value>0x837c3</value>
         <object_component_ref idref="oc-236"/>
      </symbol>
      <symbol id="sm-35b">
         <name>SysCtl_setClock</name>
         <value>0x83000</value>
         <object_component_ref idref="oc-1ef"/>
      </symbol>
      <symbol id="sm-35c">
         <name>SysCtl_getClock</name>
         <value>0x83673</value>
         <object_component_ref idref="oc-8b"/>
      </symbol>
      <symbol id="sm-36b">
         <name>sprintf</name>
         <value>0x839e2</value>
         <object_component_ref idref="oc-208"/>
      </symbol>
      <symbol id="sm-375">
         <name>_c_int00</name>
         <value>0x83f03</value>
         <object_component_ref idref="oc-e1"/>
      </symbol>
      <symbol id="sm-376">
         <name>__stack</name>
         <value>0x400</value>
         <object_component_ref idref="oc-38"/>
      </symbol>
      <symbol id="sm-383">
         <name>__c28xabi_divf</name>
         <value>0x834ee</value>
         <object_component_ref idref="oc-288"/>
      </symbol>
      <symbol id="sm-395">
         <name>memcpy</name>
         <value>0x83d87</value>
         <object_component_ref idref="oc-3b"/>
      </symbol>
      <symbol id="sm-3a2">
         <name>_system_pre_init</name>
         <value>0x8411d</value>
         <object_component_ref idref="oc-15b"/>
      </symbol>
      <symbol id="sm-3b1">
         <name>__TI_auto_init_nobinit_nopinit</name>
         <value>0x83b31</value>
         <object_component_ref idref="oc-18e"/>
      </symbol>
      <symbol id="sm-3c0">
         <name>__TI_zero_init_nomemset</name>
         <value>0x84089</value>
         <object_component_ref idref="oc-43"/>
      </symbol>
      <symbol id="sm-3cd">
         <name>__TI_decompress_none</name>
         <value>0x840e2</value>
         <object_component_ref idref="oc-1a"/>
      </symbol>
      <symbol id="sm-3e1">
         <name>__TI_decompress_lzss</name>
         <value>0x83a45</value>
         <object_component_ref idref="oc-14"/>
      </symbol>
      <symbol id="sm-3f7">
         <name>C$$EXIT</name>
         <value>0x83bb0</value>
         <object_component_ref idref="oc-168"/>
      </symbol>
      <symbol id="sm-3f8">
         <name>abort</name>
         <value>0x83bb0</value>
         <object_component_ref idref="oc-168"/>
      </symbol>
      <symbol id="sm-3f9">
         <name>exit</name>
         <value>0x83bb2</value>
         <object_component_ref idref="oc-168"/>
      </symbol>
      <symbol id="sm-3fa">
         <name>__TI_dtors_ptr</name>
         <value>0xa004</value>
         <object_component_ref idref="oc-1c6"/>
      </symbol>
      <symbol id="sm-3fb">
         <name>__TI_cleanup_ptr</name>
         <value>0xa002</value>
         <object_component_ref idref="oc-1c6"/>
      </symbol>
      <symbol id="sm-3fc">
         <name>__TI_enable_exit_profile_output</name>
         <value>0xa000</value>
         <object_component_ref idref="oc-1c6"/>
      </symbol>
      <symbol id="sm-413">
         <name>_nop</name>
         <value>0x840d8</value>
         <object_component_ref idref="oc-221"/>
      </symbol>
      <symbol id="sm-414">
         <name>_lock</name>
         <value>0xa00c</value>
         <object_component_ref idref="oc-1c9"/>
      </symbol>
      <symbol id="sm-415">
         <name>_unlock</name>
         <value>0xa00e</value>
         <object_component_ref idref="oc-26d"/>
      </symbol>
      <symbol id="sm-416">
         <name>_register_lock</name>
         <value>0x840d4</value>
         <object_component_ref idref="oc-221"/>
      </symbol>
      <symbol id="sm-417">
         <name>_register_unlock</name>
         <value>0x840d0</value>
         <object_component_ref idref="oc-221"/>
      </symbol>
      <symbol id="sm-426">
         <name>_args_main</name>
         <value>0x840a2</value>
         <object_component_ref idref="oc-162"/>
      </symbol>
      <symbol id="sm-435">
         <name>memset</name>
         <value>0x8410f</value>
         <object_component_ref idref="oc-da"/>
      </symbol>
      <symbol id="sm-443">
         <name>strlen</name>
         <value>0x840f2</value>
         <object_component_ref idref="oc-20e"/>
      </symbol>
      <symbol id="sm-5ab">
         <name>__TI_printfi</name>
         <value>0x82b62</value>
         <object_component_ref idref="oc-2ec"/>
      </symbol>
      <symbol id="sm-5c2">
         <name>frexpl</name>
         <value>0x836d3</value>
         <object_component_ref idref="oc-397"/>
      </symbol>
      <symbol id="sm-5c3">
         <name>frexp</name>
         <value>0x836d3</value>
         <object_component_ref idref="oc-397"/>
      </symbol>
      <symbol id="sm-5e5">
         <name>scalbn</name>
         <value>0x82f0a</value>
         <object_component_ref idref="oc-39d"/>
      </symbol>
      <symbol id="sm-5e6">
         <name>scalbnl</name>
         <value>0x82f0a</value>
         <object_component_ref idref="oc-39d"/>
      </symbol>
      <symbol id="sm-5e7">
         <name>ldexpl</name>
         <value>0x82f0a</value>
         <object_component_ref idref="oc-39d"/>
      </symbol>
      <symbol id="sm-5e8">
         <name>ldexp</name>
         <value>0x82f0a</value>
         <object_component_ref idref="oc-39d"/>
      </symbol>
      <symbol id="sm-5ff">
         <name>__c28xabi_addd</name>
         <value>0x83338</value>
         <object_component_ref idref="oc-3ce"/>
      </symbol>
      <symbol id="sm-60b">
         <name>__c28xabi_cmpd</name>
         <value>0x83b5c</value>
         <object_component_ref idref="oc-369"/>
      </symbol>
      <symbol id="sm-619">
         <name>__c28xabi_mpyd</name>
         <value>0x83576</value>
         <object_component_ref idref="oc-378"/>
      </symbol>
      <symbol id="sm-622">
         <name>__c28xabi_negd</name>
         <value>0x840d9</value>
         <object_component_ref idref="oc-36e"/>
      </symbol>
      <symbol id="sm-62a">
         <name>__c28xabi_subd</name>
         <value>0x84061</value>
         <object_component_ref idref="oc-38d"/>
      </symbol>
      <symbol id="sm-635">
         <name>__c28xabi_dtoi</name>
         <value>0x83c92</value>
         <object_component_ref idref="oc-392"/>
      </symbol>
      <symbol id="sm-640">
         <name>__c28xabi_dtol</name>
         <value>0x83cf1</value>
         <object_component_ref idref="oc-37d"/>
      </symbol>
      <symbol id="sm-648">
         <name>__c28xabi_orll</name>
         <value>0x83eae</value>
         <object_component_ref idref="oc-33b"/>
      </symbol>
      <symbol id="sm-649">
         <name>__c28xabi_xorll</name>
         <value>0x83eb6</value>
         <object_component_ref idref="oc-33b"/>
      </symbol>
      <symbol id="sm-64a">
         <name>__c28xabi_andll</name>
         <value>0x83ea6</value>
         <object_component_ref idref="oc-33b"/>
      </symbol>
      <symbol id="sm-654">
         <name>__c28xabi_cmpll</name>
         <value>0x83d4c</value>
         <object_component_ref idref="oc-331"/>
      </symbol>
      <symbol id="sm-655">
         <name>__c28xabi_cmpull</name>
         <value>0x83d5e</value>
         <object_component_ref idref="oc-331"/>
      </symbol>
      <symbol id="sm-67c">
         <name>__c28xabi_modull</name>
         <value>0x831d8</value>
         <object_component_ref idref="oc-336"/>
      </symbol>
      <symbol id="sm-67d">
         <name>__c28xabi_divull</name>
         <value>0x831a9</value>
         <object_component_ref idref="oc-336"/>
      </symbol>
      <symbol id="sm-67e">
         <name>__c28xabi_divll</name>
         <value>0x83133</value>
         <object_component_ref idref="oc-336"/>
      </symbol>
      <symbol id="sm-67f">
         <name>__c28xabi_modll</name>
         <value>0x8316f</value>
         <object_component_ref idref="oc-336"/>
      </symbol>
      <symbol id="sm-68b">
         <name>__c28xabi_itod</name>
         <value>0x83d6a</value>
         <object_component_ref idref="oc-3a3"/>
      </symbol>
      <symbol id="sm-697">
         <name>__c28xabi_ltod</name>
         <value>0x83da4</value>
         <object_component_ref idref="oc-388"/>
      </symbol>
      <symbol id="sm-6aa">
         <name>__c28xabi_divd</name>
         <value>0x83463</value>
         <object_component_ref idref="oc-373"/>
      </symbol>
      <symbol id="sm-6b8">
         <name>_system_post_cinit</name>
         <value>0x83fff</value>
         <object_component_ref idref="oc-1d4"/>
      </symbol>
      <symbol id="sm-6c7">
         <name>__TI_ltoa</name>
         <value>0x83aa7</value>
         <object_component_ref idref="oc-382"/>
      </symbol>
      <symbol id="sm-6dc">
         <name>atoi</name>
         <value>0x83a76</value>
         <object_component_ref idref="oc-32b"/>
      </symbol>
      <symbol id="sm-6e7">
         <name>_ctypes_</name>
         <value>0x8120b</value>
         <object_component_ref idref="oc-35b"/>
      </symbol>
      <symbol id="sm-6f7">
         <name>memccpy</name>
         <value>0x84034</value>
         <object_component_ref idref="oc-323"/>
      </symbol>
      <symbol id="sm-707">
         <name>strchr</name>
         <value>0x840ae</value>
         <object_component_ref idref="oc-3a8"/>
      </symbol>
      <symbol id="sm-715">
         <name>strcpy</name>
         <value>0x84116</value>
         <object_component_ref idref="oc-31d"/>
      </symbol>
      <symbol id="sm-720">
         <name>errno</name>
         <value>0xa00b</value>
         <object_component_ref idref="oc-346"/>
      </symbol>
      <symbol id="sm-72f">
         <name>wcslen</name>
         <value>0x840c5</value>
         <object_component_ref idref="oc-340"/>
      </symbol>
      <symbol id="sm-73d">
         <name>copysign</name>
         <value>0x83c4b</value>
         <object_component_ref idref="oc-3dd"/>
      </symbol>
      <symbol id="sm-73e">
         <name>copysignl</name>
         <value>0x83c4b</value>
         <object_component_ref idref="oc-3dd"/>
      </symbol>
      <symbol id="sm-746">
         <name>__c28xabi_divul</name>
         <value>0x83ba3</value>
         <object_component_ref idref="oc-3c6"/>
      </symbol>
      <symbol id="sm-747">
         <name>__c28xabi_modul</name>
         <value>0x83baa</value>
         <object_component_ref idref="oc-3c6"/>
      </symbol>
      <symbol id="sm-748">
         <name>__c28xabi_modl</name>
         <value>0x83b95</value>
         <object_component_ref idref="oc-3c6"/>
      </symbol>
      <symbol id="sm-749">
         <name>__c28xabi_divl</name>
         <value>0x83b86</value>
         <object_component_ref idref="oc-3c6"/>
      </symbol>
      <symbol id="sm-74b">
         <name>__c_args__</name>
         <value>0x0</value>
      </symbol>
   </symbol_table>
   <title>Link successful</title>
</link_info>
